Component: ARM Compiler 5.06 update 6 (build 750) Tool: armlink [4d35ed]

==============================================================================

Section Cross References

    main.o(i.TIM2_IRQHandler) refers to main.o(.data) for xHigherPriorityTaskWoken
    main.o(i.TIM3_IRQHandler) refers to queue.o(i.xQueueGenericReceive) for xQueueGenericReceive
    main.o(i.TIM3_IRQHandler) refers to usart.o(i.usart_send_data) for usart_send_data
    main.o(i.TIM3_IRQHandler) refers to main.o(.data) for OK_Motor1
    main.o(i.USART1_IRQHandler) refers to queue.o(i.xQueueGiveFromISR) for xQueueGiveFromISR
    main.o(i.USART1_IRQHandler) refers to main.o(.data) for xHigherPriorityTaskWoken
    main.o(i.USART1_IRQHandler) refers to main.o(.bss) for buffer_rx
    main.o(i.main) refers to main.o(i.rcc_init) for rcc_init
    main.o(i.main) refers to usart.o(i.usart1_init) for usart1_init
    main.o(i.main) refers to led.o(i.led_init) for led_init
    main.o(i.main) refers to spi.o(i.spi1_init) for spi1_init
    main.o(i.main) refers to io.o(i.IO_Init) for IO_Init
    main.o(i.main) refers to stepmotor.o(i.Stepper_Init) for Stepper_Init
    main.o(i.main) refers to timer.o(i.timer2_init) for timer2_init
    main.o(i.main) refers to timer.o(i.timer3_init) for timer3_init
    main.o(i.main) refers to tasks.o(i.xTaskCreate) for xTaskCreate
    main.o(i.main) refers to tasks.o(i.vTaskStartScheduler) for vTaskStartScheduler
    main.o(i.main) refers to main.o(.data) for hBootLoader
    main.o(i.main) refers to main.o(i.vBootLoader) for vBootLoader
    main.o(i.main) refers to main.o(i.vBlinkerBootLoader) for vBlinkerBootLoader
    main.o(i.main) refers to main.o(i.vBlinker) for vBlinker
    main.o(i.main) refers to main.o(i.vSender) for vSender
    main.o(i.vApplicationIdleHook) refers to tasks.o(i.xTaskGetTickCount) for xTaskGetTickCount
    main.o(i.vApplicationIdleHook) refers to fflt_clz.o(x$fpl$fflt) for __aeabi_i2f
    main.o(i.vApplicationIdleHook) refers to fdiv.o(x$fpl$fdiv) for __aeabi_fdiv
    main.o(i.vApplicationIdleHook) refers to fmul.o(x$fpl$fmul) for __aeabi_fmul
    main.o(i.vApplicationIdleHook) refers to faddsub_clz.o(x$fpl$frsb) for __aeabi_frsub
    main.o(i.vApplicationIdleHook) refers to main.o(.data) for count
    main.o(i.vBlinker) refers to tasks.o(i.vTaskDelay) for vTaskDelay
    main.o(i.vBlinkerBootLoader) refers to tasks.o(i.vTaskDelay) for vTaskDelay
    main.o(i.vBootLoader) refers to tasks.o(i.vTaskSuspend) for vTaskSuspend
    main.o(i.vBootLoader) refers to tasks.o(i.vTaskDelay) for vTaskDelay
    main.o(i.vBootLoader) refers to queue.o(i.xQueueGenericSend) for xQueueGenericSend
    main.o(i.vBootLoader) refers to w25q16.o(i.w25q16_ReadDeviceID) for w25q16_ReadDeviceID
    main.o(i.vBootLoader) refers to w25q16.o(i.w25q16_ReadID) for w25q16_ReadID
    main.o(i.vBootLoader) refers to usart.o(i.usart_send_data) for usart_send_data
    main.o(i.vBootLoader) refers to tasks.o(i.vTaskResume) for vTaskResume
    main.o(i.vBootLoader) refers to main.o(.data) for hBlinker
    main.o(i.vSender) refers to queue.o(i.xQueueGenericCreate) for xQueueGenericCreate
    main.o(i.vSender) refers to queue.o(i.xQueueGenericReceive) for xQueueGenericReceive
    main.o(i.vSender) refers to queue.o(i.xQueueGenericSend) for xQueueGenericSend
    main.o(i.vSender) refers to usart.o(i.usart_send_string) for usart_send_string
    main.o(i.vSender) refers to main.o(.data) for ISRFromUSARTHandle
    main.o(i.vSender) refers to main.o(.bss) for buffer_rx
    usart.o(i.usart1_init) refers to usart.o(i.NVIC_EnableIRQ) for NVIC_EnableIRQ
    usart.o(i.usart2_init) refers to usart.o(i.NVIC_EnableIRQ) for NVIC_EnableIRQ
    usart.o(i.usartSendArrar) refers to strlen.o(.text) for strlen
    usart.o(i.usartSendArrar) refers to usart.o(i.usart_send_data) for usart_send_data
    usart.o(i.usart_send_string) refers to usart.o(i.usart_send_data) for usart_send_data
    stepmotor.o(i.Stepper_Init) refers to tasks.o(i.xTaskCreate) for xTaskCreate
    stepmotor.o(i.Stepper_Init) refers to queue.o(i.xQueueGenericCreate) for xQueueGenericCreate
    stepmotor.o(i.Stepper_Init) refers to stepmotor.o(.data) for hMotor1
    stepmotor.o(i.Stepper_Init) refers to stepmotor.o(i.st_vMotor1) for st_vMotor1
    stepmotor.o(i.Stepper_Init) refers to main.o(.data) for qMotor1
    stepmotor.o(i.Stepper_Init) refers to stepmotor.o(i.st_vMotor2) for st_vMotor2
    stepmotor.o(i.Stepper_Init) refers to stepmotor.o(i.st_vMotor3) for st_vMotor3
    stepmotor.o(i.sensor_read) refers to io.o(i.IO_GetLine) for IO_GetLine
    stepmotor.o(i.sensor_read) refers to stepmotor.o(.data) for Motor
    stepmotor.o(i.set_resolution) refers to io.o(i.IO_SetLine) for IO_SetLine
    stepmotor.o(i.set_resolution) refers to stepmotor.o(.data) for Motor
    stepmotor.o(i.st_Rotate) refers to io.o(i.IO_SetLine) for IO_SetLine
    stepmotor.o(i.st_Rotate) refers to stepmotor.o(i.set_resolution) for set_resolution
[...]
    libinit.o(.ARM.Collect$$libinit$$00000000) refers (Special) to libinit2.o(.ARM.Collect$$libinit$$0000002C) for __rt_lib_init_argv_1
    libinit.o(.ARM.Collect$$libinit$$00000000) refers (Special) to libinit2.o(.ARM.Collect$$libinit$$0000001B) for __rt_lib_init_atexit_1
    libinit.o(.ARM.Collect$$libinit$$00000000) refers (Special) to libinit2.o(.ARM.Collect$$libinit$$00000021) for __rt_lib_init_clock_1
    libinit.o(.ARM.Collect$$libinit$$00000000) refers (Special) to libinit2.o(.ARM.Collect$$libinit$$00000032) for __rt_lib_init_cpp_1
    libinit.o(.ARM.Collect$$libinit$$00000000) refers (Special) to libinit2.o(.ARM.Collect$$libinit$$00000030) for __rt_lib_init_exceptions_1
    libinit.o(.ARM.Collect$$libinit$$00000000) refers (Special) to libinit2.o(.ARM.Collect$$libinit$$00000002) for __rt_lib_init_fp_1
    libinit.o(.ARM.Collect$$libinit$$00000000) refers (Special) to libinit2.o(.ARM.Collect$$libinit$$0000001F) for __rt_lib_init_fp_trap_1
    libinit.o(.ARM.Collect$$libinit$$00000000) refers (Special) to libinit2.o(.ARM.Collect$$libinit$$00000023) for __rt_lib_init_getenv_1
    libinit.o(.ARM.Collect$$libinit$$00000000) refers (Special) to libinit2.o(.ARM.Collect$$libinit$$0000000A) for __rt_lib_init_heap_1
    libinit.o(.ARM.Collect$$libinit$$00000000) refers (Special) to libinit2.o(.ARM.Collect$$libinit$$00000011) for __rt_lib_init_lc_collate_1
    libinit.o(.ARM.Collect$$libinit$$00000000) refers (Special) to libinit2.o(.ARM.Collect$$libinit$$00000013) for __rt_lib_init_lc_ctype_1
    libinit.o(.ARM.Collect$$libinit$$00000000) refers (Special) to libinit2.o(.ARM.Collect$$libinit$$00000015) for __rt_lib_init_lc_monetary_1
    libinit.o(.ARM.Collect$$libinit$$00000000) refers (Special) to libinit2.o(.ARM.Collect$$libinit$$00000017) for __rt_lib_init_lc_numeric_1
    libinit.o(.ARM.Collect$$libinit$$00000000) refers (Special) to libinit2.o(.ARM.Collect$$libinit$$00000019) for __rt_lib_init_lc_time_1
    libinit.o(.ARM.Collect$$libinit$$00000000) refers (Special) to libinit2.o(.ARM.Collect$$libinit$$00000004) for __rt_lib_init_preinit_1
    libinit.o(.ARM.Collect$$libinit$$00000000) refers (Special) to libinit2.o(.ARM.Collect$$libinit$$0000000E) for __rt_lib_init_rand_1
    libinit.o(.ARM.Collect$$libinit$$00000000) refers (Special) to libinit2.o(.ARM.Collect$$libinit$$00000033) for __rt_lib_init_return
    libinit.o(.ARM.Collect$$libinit$$00000000) refers (Special) to libinit2.o(.ARM.Collect$$libinit$$0000001D) for __rt_lib_init_signal_1
    libinit.o(.ARM.Collect$$libinit$$00000000) refers (Special) to libinit2.o(.ARM.Collect$$libinit$$00000025) for __rt_lib_init_stdio_1
    libinit.o(.ARM.Collect$$libinit$$00000000) refers (Special) to libinit2.o(.ARM.Collect$$libinit$$0000000C) for __rt_lib_init_user_alloc_1
    libspace.o(.text) refers to libspace.o(.bss) for __libspace_start
    rtexit.o(.ARM.Collect$$rtexit$$00000000) refers (Special) to rtexit2.o(.ARM.Collect$$rtexit$$00000004) for __rt_exit_exit
    rtexit.o(.ARM.Collect$$rtexit$$00000000) refers (Special) to rtexit2.o(.ARM.Collect$$rtexit$$00000003) for __rt_exit_ls
    rtexit.o(.ARM.Collect$$rtexit$$00000000) refers (Special) to rtexit2.o(.ARM.Collect$$rtexit$$00000002) for __rt_exit_prels_1
    rtexit.o(.ARM.exidx) refers (Special) to rtexit2.o(.ARM.Collect$$rtexit$$00000004) for __rt_exit_exit
    rtexit.o(.ARM.exidx) refers (Special) to rtexit2.o(.ARM.Collect$$rtexit$$00000003) for __rt_exit_ls
    rtexit.o(.ARM.exidx) refers (Special) to rtexit2.o(.ARM.Collect$$rtexit$$00000002) for __rt_exit_prels_1
    rtexit.o(.ARM.exidx) refers to rtexit.o(.ARM.Collect$$rtexit$$00000000) for .ARM.Collect$$rtexit$$00000000
    libinit2.o(.ARM.Collect$$libinit$$00000010) refers to libinit2.o(.ARM.Collect$$libinit$$0000000F) for .ARM.Collect$$libinit$$0000000F
    libinit2.o(.ARM.Collect$$libinit$$00000012) refers to libinit2.o(.ARM.Collect$$libinit$$0000000F) for .ARM.Collect$$libinit$$0000000F
    libinit2.o(.ARM.Collect$$libinit$$00000014) refers to libinit2.o(.ARM.Collect$$libinit$$0000000F) for .ARM.Collect$$libinit$$0000000F
    libinit2.o(.ARM.Collect$$libinit$$00000016) refers to libinit2.o(.ARM.Collect$$libinit$$0000000F) for .ARM.Collect$$libinit$$0000000F
    libinit2.o(.ARM.Collect$$libinit$$00000018) refers to libinit2.o(.ARM.Collect$$libinit$$0000000F) for .ARM.Collect$$libinit$$0000000F
    libinit2.o(.ARM.Collect$$libinit$$00000026) refers to argv_veneer.o(.emb_text) for __ARM_argv_veneer
    libinit2.o(.ARM.Collect$$libinit$$00000027) refers to argv_veneer.o(.emb_text) for __ARM_argv_veneer
    rtexit2.o(.ARM.Collect$$rtexit$$00000003) refers to libshutdown.o(.ARM.Collect$$libshutdown$$00000000) for __rt_lib_shutdown
    rtexit2.o(.ARM.Collect$$rtexit$$00000004) refers to sys_exit.o(.text) for _sys_exit
    rtexit2.o(.ARM.exidx) refers to rtexit2.o(.ARM.Collect$$rtexit$$00000001) for .ARM.Collect$$rtexit$$00000001
    rtexit2.o(.ARM.exidx) refers to rtexit2.o(.ARM.Collect$$rtexit$$00000003) for .ARM.Collect$$rtexit$$00000003
    rtexit2.o(.ARM.exidx) refers to rtexit2.o(.ARM.Collect$$rtexit$$00000004) for .ARM.Collect$$rtexit$$00000004
    argv_veneer.o(.emb_text) refers to no_argv.o(.text) for __ARM_get_argv
    sys_exit.o(.text) refers (Special) to use_no_semi.o(.text) for __I$use$semihosting
    sys_exit.o(.text) refers (Special) to indicate_semi.o(.text) for __semihosting_library_function
    _get_argv_nomalloc.o(.text) refers (Special) to hrguard.o(.text) for __heap_region$guard
    _get_argv_nomalloc.o(.text) refers to defsig_rtmem_outer.o(.text) for __rt_SIGRTMEM
    _get_argv_nomalloc.o(.text) refers to sys_command.o(.text) for _sys_command_string
    libshutdown.o(.ARM.Collect$$libshutdown$$00000000) refers (Special) to libshutdown2.o(.ARM.Collect$$libshutdown$$00000002) for __rt_lib_shutdown_cpp_1
    libshutdown.o(.ARM.Collect$$libshutdown$$00000000) refers (Special) to libshutdown2.o(.ARM.Collect$$libshutdown$$00000007) for __rt_lib_shutdown_fp_trap_1
    libshutdown.o(.ARM.Collect$$libshutdown$$00000000) refers (Special) to libshutdown2.o(.ARM.Collect$$libshutdown$$0000000F) for __rt_lib_shutdown_heap_1
    libshutdown.o(.ARM.Collect$$libshutdown$$00000000) refers (Special) to libshutdown2.o(.ARM.Collect$$libshutdown$$00000010) for __rt_lib_shutdown_return
    libshutdown.o(.ARM.Collect$$libshutdown$$00000000) refers (Special) to libshutdown2.o(.ARM.Collect$$libshutdown$$0000000A) for __rt_lib_shutdown_signal_1
    libshutdown.o(.ARM.Collect$$libshutdown$$00000000) refers (Special) to libshutdown2.o(.ARM.Collect$$libshutdown$$00000004) for __rt_lib_shutdown_stdio_1
    libshutdown.o(.ARM.Collect$$libshutdown$$00000000) refers (Special) to libshutdown2.o(.ARM.Collect$$libshutdown$$0000000C) for __rt_lib_shutdown_user_alloc_1
    sys_command.o(.text) refers (Special) to use_no_semi.o(.text) for __I$use$semihosting
    sys_command.o(.text) refers (Special) to indicate_semi.o(.text) for __semihosting_library_function
    defsig_rtmem_outer.o(.text) refers to defsig_rtmem_inner.o(.text) for __rt_SIGRTMEM_inner
    defsig_rtmem_outer.o(.text) refers to defsig_exit.o(.text) for __sig_exit
    defsig_rtmem_formal.o(.text) refers to rt_raise.o(.text) for __rt_raise
    rt_raise.o(.text) refers to __raise.o(.text) for __raise
    rt_raise.o(.text) refers to sys_exit.o(.text) for _sys_exit
    defsig_exit.o(.text) refers to sys_exit.o(.text) for _sys_exit
    defsig_rtmem_inner.o(.text) refers to defsig_general.o(.text) for __default_signal_display
    __raise.o(.text) refers to defsig.o(CL$$defsig) for __default_signal_handler
    defsig_general.o(.text) refers to sys_wrch.o(.text) for _ttywrch
    sys_wrch.o(.text) refers (Special) to use_no_semi.o(.text) for __I$use$semihosting
    sys_wrch.o(.text) refers (Special) to indicate_semi.o(.text) for __semihosting_library_function
    defsig.o(CL$$defsig) refers to defsig_rtmem_inner.o(.text) for __rt_SIGRTMEM_inner
    defsig_abrt_inner.o(.text) refers to defsig_general.o(.text) for __default_signal_display
    defsig_fpe_inner.o(.text) refers to defsig_general.o(.text) for __default_signal_display
    defsig_rtred_inner.o(.text) refers to defsig_general.o(.text) for __default_signal_display
    defsig_stak_inner.o(.text) refers to defsig_general.o(.text) for __default_signal_display
    defsig_pvfn_inner.o(.text) refers to defsig_general.o(.text) for __default_signal_display
    defsig_cppl_inner.o(.text) refers to defsig_general.o(.text) for __default_signal_display
    defsig_segv_inner.o(.text) refers to defsig_general.o(.text) for __default_signal_display
    defsig_other.o(.text) refers to defsig_general.o(.text) for __default_signal_display


==============================================================================

Removing Unused input sections from the image.

    Removing usart.o(i.usart2_init), (188 bytes).
    Removing usart.o(i.usartSendArrar), (62 bytes).
    Removing stepmotor.o(i.sensor_read), (32 bytes).
    Removing io.o(i.IO_GetLine), (48 bytes).
    Removing w25q16.o(i.w25q16_BufferRead), (92 bytes).
    Removing w25q16.o(i.w25q16_BufferWrite), (290 bytes).
    Removing w25q16.o(i.w25q16_ChipErase), (52 bytes).
    Removing w25q16.o(i.w25q16_PageWrite), (108 bytes).
    Removing w25q16.o(i.w25q16_PowerDown), (44 bytes).
    Removing w25q16.o(i.w25q16_SectorErase), (80 bytes).
    Removing w25q16.o(i.w25q16_WaitForWriteEnd), (64 bytes).
    Removing w25q16.o(i.w25q16_WakeUp), (44 bytes).
    Removing w25q16.o(i.w25q16_write_enable), (44 bytes).
    Removing w25q16.o(.data), (12 bytes).
    Removing spi.o(i.spi1_read), (28 bytes).
    Removing spi.o(i.spi1_write), (24 bytes).
    Removing core_cm3.o(.emb_text), (32 bytes).
    Removing system_stm32f10x.o(i.SystemCoreClockUpdate), (164 bytes).
    Removing system_stm32f10x.o(.data), (20 bytes).
    Removing event_groups.o(i.prvTestWaitCondition), (30 bytes).
    Removing event_groups.o(i.vEventGroupClearBitsCallback), (16 bytes).
    Removing event_groups.o(i.vEventGroupDelete), (42 bytes).
    Removing event_groups.o(i.vEventGroupSetBitsCallback), (16 bytes).
    Removing event_groups.o(i.xEventGroupClearBits), (32 bytes).
    Removing event_groups.o(i.xEventGroupCreate), (26 bytes).
    Removing event_groups.o(i.xEventGroupGetBitsFromISR), (44 bytes).
    Removing event_groups.o(i.xEventGroupSetBits), (146 bytes).
    Removing event_groups.o(i.xEventGroupSync), (164 bytes).
    Removing event_groups.o(i.xEventGroupWaitBits), (200 bytes).
    Removing heap_1.o(i.vPortInitialiseBlocks), (12 bytes).
    Removing heap_1.o(i.xPortGetFreeHeapSize), (16 bytes).
    Removing port.o(i.vPortEndScheduler), (2 bytes).
    Removing queue.o(i.uxQueueMessagesWaiting), (18 bytes).
    Removing queue.o(i.uxQueueMessagesWaitingFromISR), (6 bytes).
    Removing queue.o(i.uxQueueSpacesAvailable), (24 bytes).
    Removing queue.o(i.vQueueDelete), (14 bytes).
    Removing queue.o(i.xQueueCreateCountingSemaphore), (26 bytes).
    Removing queue.o(i.xQueueGenericSendFromISR), (134 bytes).
    Removing queue.o(i.xQueueIsQueueEmptyFromISR), (14 bytes).
    Removing queue.o(i.xQueueIsQueueFullFromISR), (18 bytes).
    Removing queue.o(i.xQueuePeekFromISR), (74 bytes).
    Removing queue.o(i.xQueueReceiveFromISR), (130 bytes).
    Removing tasks.o(i.pcTaskGetName), (24 bytes).
    Removing tasks.o(i.ulTaskNotifyTake), (116 bytes).
    Removing tasks.o(i.uxTaskGetNumberOfTasks), (12 bytes).
    Removing tasks.o(i.uxTaskPriorityGet), (36 bytes).
    Removing tasks.o(i.uxTaskPriorityGetFromISR), (56 bytes).
    Removing tasks.o(i.uxTaskResetEventItemValue), (28 bytes).
    Removing tasks.o(i.vTaskDelayUntil), (116 bytes).
    Removing tasks.o(i.vTaskDelete), (204 bytes).
    Removing tasks.o(i.vTaskEndScheduler), (36 bytes).
    Removing tasks.o(i.vTaskNotifyGiveFromISR), (180 bytes).
    Removing tasks.o(i.vTaskPlaceOnUnorderedEventList), (44 bytes).
    Removing tasks.o(i.vTaskPrioritySet), (232 bytes).
    Removing tasks.o(i.xTaskGenericNotify), (196 bytes).
    Removing tasks.o(i.xTaskGenericNotifyFromISR), (252 bytes).
    Removing tasks.o(i.xTaskGetTickCountFromISR), (12 bytes).
    Removing tasks.o(i.xTaskNotifyStateClear), (52 bytes).
    Removing tasks.o(i.xTaskNotifyWait), (160 bytes).
    Removing tasks.o(i.xTaskRemoveFromUnorderedEventList), (112 bytes).
    Removing tasks.o(i.xTaskResumeFromISR), (152 bytes).

61 unused section(s) (total 4652 bytes) removed from the image.

==============================================================================

Image Symbol Table

    Local Symbols

    Symbol Name                              Value     Ov Type        Size  Object(Section)

    ../clib/angel/boardlib.s                 0x00000000   Number         0  boardinit1.o ABSOLUTE
    ../clib/angel/boardlib.s                 0x00000000   Number         0  boardinit3.o ABSOLUTE
    ../clib/angel/boardlib.s                 0x00000000   Number         0  boardinit2.o ABSOLUTE
    ../clib/angel/boardlib.s                 0x00000000   Number         0  boardshut.o ABSOLUTE
    ../clib/angel/handlers.s                 0x00000000   Number         0  __scatter_zi.o ABSOLUTE
    ../clib/angel/handlers.s                 0x00000000   Number         0  __scatter_copy.o ABSOLUTE
    ../clib/angel/kernel.s                   0x00000000   Number         0  __rtentry2.o ABSOLUTE
    ../clib/angel/kernel.s                   0x00000000   Number         0  __rtentry4.o ABSOLUTE
    ../clib/angel/kernel.s                   0x00000000   Number         0  rtexit2.o ABSOLUTE
    ../clib/angel/kernel.s                   0x00000000   Number         0  rtexit.o ABSOLUTE
    ../clib/angel/kernel.s                   0x00000000   Number         0  __rtentry.o ABSOLUTE
    ../clib/angel/rt.s                       0x00000000   Number         0  rt_raise.o ABSOLUTE
    ../clib/angel/scatter.s                  0x00000000   Number         0  __scatter.o ABSOLUTE
    ../clib/angel/startup.s                  0x00000000   Number         0  __main.o ABSOLUTE
    ../clib/angel/sys.s                      0x00000000   Number         0  sys_stackheap_outer.o ABSOLUTE
    ../clib/angel/sys.s                      0x00000000   Number         0  indicate_semi.o ABSOLUTE
    ../clib/angel/sys.s                      0x00000000   Number         0  use_no_semi.o ABSOLUTE
    ../clib/angel/sys.s                      0x00000000   Number         0  libspace.o ABSOLUTE
    ../clib/angel/sysapp.c                   0x00000000   Number         0  sys_command.o ABSOLUTE
    ../clib/angel/sysapp.c                   0x00000000   Number         0  sys_wrch.o ABSOLUTE
    ../clib/angel/sysapp.c                   0x00000000   Number         0  sys_exit.o ABSOLUTE
    ../clib/armsys.c                         0x00000000   Number         0  no_argv.o ABSOLUTE
    ../clib/armsys.c                         0x00000000   Number         0  _get_argv_nomalloc.o ABSOLUTE
    ../clib/armsys.c                         0x00000000   Number         0  argv_veneer.o ABSOLUTE
    ../clib/armsys.c                         0x00000000   Number         0  argv_veneer.o ABSOLUTE
    ../clib/heapalloc.c                      0x00000000   Number         0  hrguard.o ABSOLUTE
    ../clib/heapaux.c                        0x00000000   Number         0  heapauxi.o ABSOLUTE
    ../clib/libinit.s                        0x00000000   Number         0  libshutdown.o ABSOLUTE
    ../clib/libinit.s                        0x00000000   Number         0  libinit2.o ABSOLUTE
    ../clib/libinit.s                        0x00000000   Number         0  libinit.o ABSOLUTE
    ../clib/libinit.s                        0x00000000   Number         0  libshutdown2.o ABSOLUTE
    ../clib/memcpset.s                       0x00000000   Number         0  rt_memcpy_w.o ABSOLUTE
    ../clib/memcpset.s                       0x00000000   Number         0  rt_memcpy_v6.o ABSOLUTE
    ../clib/signal.c                         0x00000000   Number         0  defsig_stak_inner.o ABSOLUTE
    ../clib/signal.c                         0x00000000   Number         0  defsig_rtred_inner.o ABSOLUTE
    ../clib/signal.c                         0x00000000   Number         0  defsig_fpe_inner.o ABSOLUTE
    ../clib/signal.c                         0x00000000   Number         0  defsig_abrt_inner.o ABSOLUTE
    ../clib/signal.c                         0x00000000   Number         0  defsig_general.o ABSOLUTE
    ../clib/signal.c                         0x00000000   Number         0  defsig_rtmem_inner.o ABSOLUTE
    ../clib/signal.c                         0x00000000   Number         0  defsig_exit.o ABSOLUTE
    ../clib/signal.c                         0x00000000   Number         0  defsig_rtmem_formal.o ABSOLUTE
    ../clib/signal.c                         0x00000000   Number         0  defsig_rtmem_outer.o ABSOLUTE
    ../clib/signal.c                         0x00000000   Number         0  __raise.o ABSOLUTE
    ../clib/signal.c                         0x00000000   Number         0  defsig_cppl_inner.o ABSOLUTE
    ../clib/signal.c                         0x00000000   Number         0  defsig_other.o ABSOLUTE
    ../clib/signal.c                         0x00000000   Number         0  defsig_segv_inner.o ABSOLUTE
    ../clib/signal.c                         0x00000000   Number         0  defsig_pvfn_inner.o ABSOLUTE
    ../clib/signal.s                         0x00000000   Number         0  defsig.o ABSOLUTE
    ../clib/stdlib.c                         0x00000000   Number         0  exit.o ABSOLUTE
    ../clib/string.c                         0x00000000   Number         0  strlen.o ABSOLUTE
    ../fplib/faddsub.s                       0x00000000   Number         0  faddsub_clz.o ABSOLUTE
    ../fplib/fdiv.s                          0x00000000   Number         0  fdiv.o ABSOLUTE
    ../fplib/fflt.s                          0x00000000   Number         0  fflt_clz.o ABSOLUTE
    ../fplib/fmul.s                          0x00000000   Number         0  fmul.o ABSOLUTE
    ../fplib/fnaninf.s                       0x00000000   Number         0  fnaninf.o ABSOLUTE
    ../fplib/fpinit.s                        0x00000000   Number         0  fpinit.o ABSOLUTE
    ../fplib/fretinf.s                       0x00000000   Number         0  fretinf.o ABSOLUTE
    ../fplib/usenofp.s                       0x00000000   Number         0  usenofp.o ABSOLUTE
    CMSIS\\src\\core_cm3.c                   0x00000000   Number         0  core_cm3.o ABSOLUTE
    CMSIS\src\core_cm3.c                     0x00000000   Number         0  core_cm3.o ABSOLUTE
    CMSIS\src\system_stm32f10x.c             0x00000000   Number         0  system_stm32f10x.o ABSOLUTE
    FreeRTOS\\src\\port.c                    0x00000000   Number         0  port.o ABSOLUTE
    FreeRTOS\src\croutine.c                  0x00000000   Number         0  croutine.o ABSOLUTE
    FreeRTOS\src\event_groups.c              0x00000000   Number         0  event_groups.o ABSOLUTE
    FreeRTOS\src\heap_1.c                    0x00000000   Number         0  heap_1.o ABSOLUTE
    FreeRTOS\src\list.c                      0x00000000   Number         0  list.o ABSOLUTE
    FreeRTOS\src\port.c                      0x00000000   Number         0  port.o ABSOLUTE
    FreeRTOS\src\queue.c                     0x00000000   Number         0  queue.o ABSOLUTE
    FreeRTOS\src\tasks.c                     0x00000000   Number         0  tasks.o ABSOLUTE
    FreeRTOS\src\timers.c                    0x00000000   Number         0  timers.o ABSOLUTE
    Startup\startup_stm32f10x_md.s           0x00000000   Number         0  startup_stm32f10x_md.o ABSOLUTE
    UserSource\src\a3144.c                   0x00000000   Number         0  a3144.o ABSOLUTE
    UserSource\src\io.c                      0x00000000   Number         0  io.o ABSOLUTE
    UserSource\src\led.c                     0x00000000   Number         0  led.o ABSOLUTE
    UserSource\src\main.c                    0x00000000   Number         0  main.o ABSOLUTE
    UserSource\src\spi.c                     0x00000000   Number         0  spi.o ABSOLUTE
    UserSource\src\stepmotor.c               0x00000000   Number         0  stepmotor.o ABSOLUTE
    UserSource\src\timer.c                   0x00000000   Number         0  timer.o ABSOLUTE
    UserSource\src\usart.c                   0x00000000   Number         0  usart.o ABSOLUTE
    UserSource\src\w25q16.c                  0x00000000   Number         0  w25q16.o ABSOLUTE
    dc.s                                     0x00000000   Number         0  dc.o ABSOLUTE
    RESET                                    0x08000000   Section      236  startup_stm32f10x_md.o(RESET)
    !!!main                                  0x080000ec   Section        8  __main.o(!!!main)
    !!!scatter                               0x080000f4   Section       52  __scatter.o(!!!scatter)
    !!handler_copy                           0x08000128   Section       26  __scatter_copy.o(!!handler_copy)
    !!handler_zi                             0x08000144   Section       28  __scatter_zi.o(!!handler_zi)
    .ARM.Collect$$libinit$$00000000          0x08000160   Section        2  libinit.o(.ARM.Collect$$libinit$$00000000)
    .ARM.Collect$$libinit$$00000002          0x08000162   Section        0  libinit2.o(.ARM.Collect$$libinit$$00000002)
    .ARM.Collect$$libinit$$00000004          0x08000162   Section        0  libinit2.o(.ARM.Collect$$libinit$$00000004)
    .ARM.Collect$$libinit$$0000000A          0x08000162   Section        0  libinit2.o(.ARM.Collect$$libinit$$0000000A)
    .ARM.Collect$$libinit$$0000000C          0x08000162   Section        0  libinit2.o(.ARM.Collect$$libinit$$0000000C)
    .ARM.Collect$$libinit$$0000000E          0x08000162   Section        0  libinit2.o(.ARM.Collect$$libinit$$0000000E)
    .ARM.Collect$$libinit$$00000011          0x08000162   Section        0  libinit2.o(.ARM.Collect$$libinit$$00000011)
    .ARM.Collect$$libinit$$00000013          0x08000162   Section        0  libinit2.o(.ARM.Collect$$libinit$$00000013)
    .ARM.Collect$$libinit$$00000015          0x08000162   Section        0  libinit2.o(.ARM.Collect$$libinit$$00000015)
    .ARM.Collect$$libinit$$00000017          0x08000162   Section        0  libinit2.o(.ARM.Collect$$libinit$$00000017)
    .ARM.Collect$$libinit$$00000019          0x08000162   Section        0  libinit2.o(.ARM.Collect$$libinit$$00000019)
    .ARM.Collect$$libinit$$0000001B          0x08000162   Section        0  libinit2.o(.ARM.Collect$$libinit$$0000001B)
    .ARM.Collect$$libinit$$0000001D          0x08000162   Section        0  libinit2.o(.ARM.Collect$$libinit$$0000001D)
    .ARM.Collect$$libinit$$0000001F          0x08000162   Section        0  libinit2.o(.ARM.Collect$$libinit$$0000001F)
    .ARM.Collect$$libinit$$00000021          0x08000162   Section        0  libinit2.o(.ARM.Collect$$libinit$$00000021)
    .ARM.Collect$$libinit$$00000023          0x08000162   Section        0  libinit2.o(.ARM.Collect$$libinit$$00000023)
    .ARM.Collect$$libinit$$00000025          0x08000162   Section        0  libinit2.o(.ARM.Collect$$libinit$$00000025)
    .ARM.Collect$$libinit$$0000002C          0x08000162   Section        0  libinit2.o(.ARM.Collect$$libinit$$0000002C)
    .ARM.Collect$$libinit$$0000002E          0x08000162   Section        0  libinit2.o(.ARM.Collect$$libinit$$0000002E)
    .ARM.Collect$$libinit$$00000030          0x08000162   Section        0  libinit2.o(.ARM.Collect$$libinit$$00000030)
    .ARM.Collect$$libinit$$00000032          0x08000162   Section        0  libinit2.o(.ARM.Collect$$libinit$$00000032)
    .ARM.Collect$$libinit$$00000033          0x08000162   Section        2  libinit2.o(.ARM.Collect$$libinit$$00000033)
    .ARM.Collect$$libshutdown$$00000000      0x08000164   Section        2  libshutdown.o(.ARM.Collect$$libshutdown$$00000000)
    .ARM.Collect$$libshutdown$$00000002      0x08000166   Section        0  libshutdown2.o(.ARM.Collect$$libshutdown$$00000002)
    .ARM.Collect$$libshutdown$$00000004      0x08000166   Section        0  libshutdown2.o(.ARM.Collect$$libshutdown$$00000004)
    .ARM.Collect$$libshutdown$$00000007      0x08000166   Section        0  libshutdown2.o(.ARM.Collect$$libshutdown$$00000007)
    .ARM.Collect$$libshutdown$$0000000A      0x08000166   Section        0  libshutdown2.o(.ARM.Collect$$libshutdown$$0000000A)
    .ARM.Collect$$libshutdown$$0000000C      0x08000166   Section        0  libshutdown2.o(.ARM.Collect$$libshutdown$$0000000C)
    .ARM.Collect$$libshutdown$$0000000F      0x08000166   Section        0  libshutdown2.o(.ARM.Collect$$libshutdown$$0000000F)
    .ARM.Collect$$libshutdown$$00000010      0x08000166   Section        2  libshutdown2.o(.ARM.Collect$$libshutdown$$00000010)
    .ARM.Collect$$rtentry$$00000000          0x08000168   Section        0  __rtentry.o(.ARM.Collect$$rtentry$$00000000)
    .ARM.Collect$$rtentry$$00000002          0x08000168   Section        0  __rtentry2.o(.ARM.Collect$$rtentry$$00000002)
    .ARM.Collect$$rtentry$$00000004          0x08000168   Section        6  __rtentry4.o(.ARM.Collect$$rtentry$$00000004)
    .ARM.Collect$$rtentry$$00000009          0x0800016e   Section        0  __rtentry2.o(.ARM.Collect$$rtentry$$00000009)
    .ARM.Collect$$rtentry$$0000000A          0x0800016e   Section        4  __rtentry2.o(.ARM.Collect$$rtentry$$0000000A)
    .ARM.Collect$$rtentry$$0000000C          0x08000172   Section        0  __rtentry2.o(.ARM.Collect$$rtentry$$0000000C)
    .ARM.Collect$$rtentry$$0000000D          0x08000172   Section        8  __rtentry2.o(.ARM.Collect$$rtentry$$0000000D)
    .ARM.Collect$$rtexit$$00000000           0x0800017a   Section        2  rtexit.o(.ARM.Collect$$rtexit$$00000000)
    .ARM.Collect$$rtexit$$00000002           0x0800017c   Section        0  rtexit2.o(.ARM.Collect$$rtexit$$00000002)
    .ARM.Collect$$rtexit$$00000003           0x0800017c   Section        4  rtexit2.o(.ARM.Collect$$rtexit$$00000003)
    .ARM.Collect$$rtexit$$00000004           0x08000180   Section        6  rtexit2.o(.ARM.Collect$$rtexit$$00000004)
    .emb_text                                0x08000188   Section      150  port.o(.emb_text)
    .text                                    0x08000220   Section       64  startup_stm32f10x_md.o(.text)
    .text                                    0x08000260   Section      138  rt_memcpy_v6.o(.text)
    .text                                    0x080002ea   Section        0  heapauxi.o(.text)
    .text                                    0x080002f0   Section      100  rt_memcpy_w.o(.text)
    .text                                    0x08000354   Section       74  sys_stackheap_outer.o(.text)
    .text                                    0x0800039e   Section        0  exit.o(.text)
    .text                                    0x080003b0   Section        8  libspace.o(.text)
    .text                                    0x080003b8   Section        0  sys_exit.o(.text)
    .text                                    0x080003c4   Section        2  use_no_semi.o(.text)
    .text                                    0x080003c6   Section        0  indicate_semi.o(.text)
    i.IO_ConfigLine                          0x080003c8   Section        0  io.o(i.IO_ConfigLine)
    i.IO_Init                                0x080004a0   Section        0  io.o(i.IO_Init)
    i.IO_SetLine                             0x080004e4   Section        0  io.o(i.IO_SetLine)
    i.NVIC_EnableIRQ                         0x08000518   Section        0  usart.o(i.NVIC_EnableIRQ)
    NVIC_EnableIRQ                           0x08000519   Thumb Code    22  usart.o(i.NVIC_EnableIRQ)
    i.NVIC_EnableIRQ                         0x0800052e   Section        0  timer.o(i.NVIC_EnableIRQ)
    NVIC_EnableIRQ                           0x0800052f   Thumb Code    22  timer.o(i.NVIC_EnableIRQ)
    i.NVIC_SetPriority                       0x08000544   Section        0  timer.o(i.NVIC_SetPriority)
    NVIC_SetPriority                         0x08000545   Thumb Code    32  timer.o(i.NVIC_SetPriority)
    i.SetSysClock                            0x0800056c   Section        0  system_stm32f10x.o(i.SetSysClock)
    SetSysClock                              0x0800056d   Thumb Code     8  system_stm32f10x.o(i.SetSysClock)
    i.SetSysClockTo72                        0x08000574   Section        0  system_stm32f10x.o(i.SetSysClockTo72)
    SetSysClockTo72                          0x08000575   Thumb Code   214  system_stm32f10x.o(i.SetSysClockTo72)
    i.Stepper_Init                           0x08000654   Section        0  stepmotor.o(i.Stepper_Init)
    i.SysTick_Handler                        0x080007bc   Section        0  port.o(i.SysTick_Handler)
    i.SystemInit                             0x080007f0   Section        0  system_stm32f10x.o(i.SystemInit)
    i.TIM2_IRQHandler                        0x08000850   Section        0  main.o(i.TIM2_IRQHandler)
    i.TIM3_IRQHandler                        0x08000878   Section        0  main.o(i.TIM3_IRQHandler)
    i.USART1_IRQHandler                      0x080008f4   Section        0  main.o(i.USART1_IRQHandler)
    i.led_init                               0x08000978   Section        0  led.o(i.led_init)
    i.main                                   0x080009a4   Section        0  main.o(i.main)
    i.prvAddCurrentTaskToDelayedList         0x08000a90   Section        0  tasks.o(i.prvAddCurrentTaskToDelayedList)
    prvAddCurrentTaskToDelayedList           0x08000a91   Thumb Code   124  tasks.o(i.prvAddCurrentTaskToDelayedList)
    i.prvAddNewTaskToReadyList               0x08000b28   Section        0  tasks.o(i.prvAddNewTaskToReadyList)
    prvAddNewTaskToReadyList                 0x08000b29   Thumb Code   150  tasks.o(i.prvAddNewTaskToReadyList)
    i.prvCheckTasksWaitingTermination        0x08000bdc   Section        0  tasks.o(i.prvCheckTasksWaitingTermination)
    prvCheckTasksWaitingTermination          0x08000bdd   Thumb Code    86  tasks.o(i.prvCheckTasksWaitingTermination)
    i.prvCopyDataFromQueue                   0x08000c40   Section        0  queue.o(i.prvCopyDataFromQueue)
    prvCopyDataFromQueue                     0x08000c41   Thumb Code    42  queue.o(i.prvCopyDataFromQueue)
    i.prvCopyDataToQueue                     0x08000c6a   Section        0  queue.o(i.prvCopyDataToQueue)
    prvCopyDataToQueue                       0x08000c6b   Thumb Code   106  queue.o(i.prvCopyDataToQueue)
    i.prvDeleteTCB                           0x08000cd4   Section        0  tasks.o(i.prvDeleteTCB)
    prvDeleteTCB                             0x08000cd5   Thumb Code    18  tasks.o(i.prvDeleteTCB)
    i.prvIdleTask                            0x08000ce8   Section        0  tasks.o(i.prvIdleTask)
    prvIdleTask                              0x08000ce9   Thumb Code    36  tasks.o(i.prvIdleTask)
    i.prvInitialiseNewQueue                  0x08000d14   Section        0  queue.o(i.prvInitialiseNewQueue)
    prvInitialiseNewQueue                    0x08000d15   Thumb Code    38  queue.o(i.prvInitialiseNewQueue)
    i.prvInitialiseNewTask                   0x08000d3a   Section        0  tasks.o(i.prvInitialiseNewTask)
    prvInitialiseNewTask                     0x08000d3b   Thumb Code   128  tasks.o(i.prvInitialiseNewTask)
    i.prvInitialiseTaskLists                 0x08000dbc   Section        0  tasks.o(i.prvInitialiseTaskLists)
    prvInitialiseTaskLists                   0x08000dbd   Thumb Code    70  tasks.o(i.prvInitialiseTaskLists)
    i.prvIsQueueEmpty                        0x08000e24   Section        0  queue.o(i.prvIsQueueEmpty)
    prvIsQueueEmpty                          0x08000e25   Thumb Code    26  queue.o(i.prvIsQueueEmpty)
    i.prvIsQueueFull                         0x08000e3e   Section        0  queue.o(i.prvIsQueueFull)
    prvIsQueueFull                           0x08000e3f   Thumb Code    30  queue.o(i.prvIsQueueFull)
    i.prvResetNextTaskUnblockTime            0x08000e5c   Section        0  tasks.o(i.prvResetNextTaskUnblockTime)
    prvResetNextTaskUnblockTime              0x08000e5d   Thumb Code    42  tasks.o(i.prvResetNextTaskUnblockTime)
    i.prvTaskExitError                       0x08000e90   Section        0  port.o(i.prvTaskExitError)
    prvTaskExitError                         0x08000e91   Thumb Code    22  port.o(i.prvTaskExitError)
    i.prvTaskIsTaskSuspended                 0x08000ea8   Section        0  tasks.o(i.prvTaskIsTaskSuspended)
    prvTaskIsTaskSuspended                   0x08000ea9   Thumb Code    56  tasks.o(i.prvTaskIsTaskSuspended)
    i.prvUnlockQueue                         0x08000ee8   Section        0  queue.o(i.prvUnlockQueue)
    prvUnlockQueue                           0x08000ee9   Thumb Code   126  queue.o(i.prvUnlockQueue)
    i.pvPortMalloc                           0x08000f68   Section        0  heap_1.o(i.pvPortMalloc)
    i.pxPortInitialiseStack                  0x08000fd8   Section        0  port.o(i.pxPortInitialiseStack)
    i.rcc_init                               0x08000ffc   Section        0  main.o(i.rcc_init)
    i.set_resolution                         0x080010b8   Section        0  stepmotor.o(i.set_resolution)
    i.spi1_init                              0x080011d4   Section        0  spi.o(i.spi1_init)
    i.st_Rotate                              0x080012e0   Section        0  stepmotor.o(i.st_Rotate)
    i.st_Step                                0x08001498   Section        0  stepmotor.o(i.st_Step)
    i.st_vMotor1                             0x080014f0   Section        0  stepmotor.o(i.st_vMotor1)
    i.st_vMotor2                             0x08001540   Section        0  stepmotor.o(i.st_vMotor2)
    i.st_vMotor3                             0x08001590   Section        0  stepmotor.o(i.st_vMotor3)
    i.timer2_init                            0x080015e0   Section        0  timer.o(i.timer2_init)
    i.timer3_init                            0x08001624   Section        0  timer.o(i.timer3_init)
    i.usart1_init                            0x08001680   Section        0  usart.o(i.usart1_init)
    i.usart_send_data                        0x0800173c   Section        0  usart.o(i.usart_send_data)
    i.usart_send_string                      0x0800174c   Section        0  usart.o(i.usart_send_string)
    i.uxListRemove                           0x0800176c   Section        0  list.o(i.uxListRemove)
    i.vApplicationIdleHook                   0x08001794   Section        0  main.o(i.vApplicationIdleHook)
    i.vBlinker                               0x0800181c   Section        0  main.o(i.vBlinker)
    i.vBlinkerBootLoader                     0x0800184c   Section        0  main.o(i.vBlinkerBootLoader)
    i.vBootLoader                            0x08001878   Section        0  main.o(i.vBootLoader)
    i.vListInitialise                        0x08001958   Section        0  list.o(i.vListInitialise)
    i.vListInitialiseItem                    0x08001972   Section        0  list.o(i.vListInitialiseItem)
    i.vListInsert                            0x08001978   Section        0  list.o(i.vListInsert)
    i.vListInsertEnd                         0x080019ac   Section        0  list.o(i.vListInsertEnd)
    i.vPortEnterCritical                     0x080019c4   Section        0  port.o(i.vPortEnterCritical)
    i.vPortExitCritical                      0x080019e8   Section        0  port.o(i.vPortExitCritical)
    i.vPortFree                              0x08001a08   Section        0  heap_1.o(i.vPortFree)
    i.vPortSetupTimerInterrupt               0x08001a0c   Section        0  port.o(i.vPortSetupTimerInterrupt)
    i.vSender                                0x08001a20   Section        0  main.o(i.vSender)
    i.vTaskDelay                             0x08001c40   Section        0  tasks.o(i.vTaskDelay)
    i.vTaskMissedYield                       0x08001c74   Section        0  tasks.o(i.vTaskMissedYield)
    i.vTaskPlaceOnEventList                  0x08001c80   Section        0  tasks.o(i.vTaskPlaceOnEventList)
    i.vTaskResume                            0x08001ca0   Section        0  tasks.o(i.vTaskResume)
    i.vTaskSetTimeOutState                   0x08001d18   Section        0  tasks.o(i.vTaskSetTimeOutState)
    i.vTaskStartScheduler                    0x08001d30   Section        0  tasks.o(i.vTaskStartScheduler)
    i.vTaskSuspend                           0x08001d94   Section        0  tasks.o(i.vTaskSuspend)
    i.vTaskSuspendAll                        0x08001e50   Section        0  tasks.o(i.vTaskSuspendAll)
    i.vTaskSwitchContext                     0x08001e60   Section        0  tasks.o(i.vTaskSwitchContext)
    i.w25q16_ReadDeviceID                    0x08001ec0   Section        0  w25q16.o(i.w25q16_ReadDeviceID)
    i.w25q16_ReadID                          0x08001f08   Section        0  w25q16.o(i.w25q16_ReadID)
    i.w25q16_spi_send                        0x08001f60   Section        0  w25q16.o(i.w25q16_spi_send)
    i.xPortStartScheduler                    0x08001f90   Section        0  port.o(i.xPortStartScheduler)
    i.xQueueGenericCreate                    0x08001fc4   Section        0  queue.o(i.xQueueGenericCreate)
    i.xQueueGenericReceive                   0x08001ffc   Section        0  queue.o(i.xQueueGenericReceive)
    i.xQueueGenericReset                     0x08002138   Section        0  queue.o(i.xQueueGenericReset)
    i.xQueueGenericSend                      0x080021b8   Section        0  queue.o(i.xQueueGenericSend)
    i.xQueueGiveFromISR                      0x080022d0   Section        0  queue.o(i.xQueueGiveFromISR)
    i.xTaskCheckForTimeOut                   0x08002348   Section        0  tasks.o(i.xTaskCheckForTimeOut)
    i.xTaskCreate                            0x080023a4   Section        0  tasks.o(i.xTaskCreate)
    i.xTaskGetTickCount                      0x08002404   Section        0  tasks.o(i.xTaskGetTickCount)
    i.xTaskIncrementTick                     0x08002410   Section        0  tasks.o(i.xTaskIncrementTick)
    i.xTaskRemoveFromEventList               0x0800252c   Section        0  tasks.o(i.xTaskRemoveFromEventList)
    i.xTaskResumeAll                         0x080025ac   Section        0  tasks.o(i.xTaskResumeAll)
    x$fpl$fadd                               0x08002694   Section      196  faddsub_clz.o(x$fpl$fadd)
    _fadd1                                   0x080026a3   Thumb Code     0  faddsub_clz.o(x$fpl$fadd)
    x$fpl$fdiv                               0x08002758   Section      388  fdiv.o(x$fpl$fdiv)
    _fdiv1                                   0x08002759   Thumb Code     0  fdiv.o(x$fpl$fdiv)
    x$fpl$fflt                               0x080028dc   Section       48  fflt_clz.o(x$fpl$fflt)
    x$fpl$fmul                               0x0800290c   Section      258  fmul.o(x$fpl$fmul)
    x$fpl$fnaninf                            0x08002a0e   Section      140  fnaninf.o(x$fpl$fnaninf)
    x$fpl$fretinf                            0x08002a9a   Section       10  fretinf.o(x$fpl$fretinf)
    x$fpl$frsb                               0x08002aa4   Section       20  faddsub_clz.o(x$fpl$frsb)
    x$fpl$fsub                               0x08002ab8   Section      234  faddsub_clz.o(x$fpl$fsub)
    _fsub1                                   0x08002ac7   Thumb Code     0  faddsub_clz.o(x$fpl$fsub)
    x$fpl$usenofp                            0x08002ba2   Section        0  usenofp.o(x$fpl$usenofp)
    .constdata                               0x08002ba4   Section      112  io.o(.constdata)
    .data                                    0x20000000   Section      100  main.o(.data)
    CPU_USAGE                                0x20000048   Data           4  main.o(.data)
    sensor                                   0x2000004c   Data           1  main.o(.data)
    xHigherPriorityTaskWoken                 0x20000050   Data           4  main.o(.data)
    xHigherPriorityTaskWoken                 0x20000054   Data           4  main.o(.data)
    LastTick                                 0x20000058   Data           4  main.o(.data)
    count                                    0x2000005c   Data           4  main.o(.data)
    max_count                                0x20000060   Data           4  main.o(.data)
    .data                                    0x20000064   Section       26  stepmotor.o(.data)
    .data                                    0x20000080   Section        8  heap_1.o(.data)
    xNextFreeByte                            0x20000080   Data           4  heap_1.o(.data)
    pucAlignedHeap                           0x20000084   Data           4  heap_1.o(.data)
    .data                                    0x20000088   Section        4  port.o(.data)
    uxCriticalNesting                        0x20000088   Data           4  port.o(.data)
    .data                                    0x2000008c   Section       60  tasks.o(.data)
    pxDelayedTaskList                        0x20000090   Data           4  tasks.o(.data)
    pxOverflowDelayedTaskList                0x20000094   Data           4  tasks.o(.data)
    uxDeletedTasksWaitingCleanUp             0x20000098   Data           4  tasks.o(.data)
    uxCurrentNumberOfTasks                   0x2000009c   Data           4  tasks.o(.data)
    xTickCount                               0x200000a0   Data           4  tasks.o(.data)
    uxTopReadyPriority                       0x200000a4   Data           4  tasks.o(.data)
    xSchedulerRunning                        0x200000a8   Data           4  tasks.o(.data)
    uxPendedTicks                            0x200000ac   Data           4  tasks.o(.data)
    xYieldPending                            0x200000b0   Data           4  tasks.o(.data)
    xNumOfOverflows                          0x200000b4   Data           4  tasks.o(.data)
    uxTaskNumber                             0x200000b8   Data           4  tasks.o(.data)
    xNextTaskUnblockTime                     0x200000bc   Data           4  tasks.o(.data)
    xIdleTaskHandle                          0x200000c0   Data           4  tasks.o(.data)
    uxSchedulerSuspended                     0x200000c4   Data           4  tasks.o(.data)
    .bss                                     0x200000c8   Section        9  main.o(.bss)
    .bss                                     0x200000d1   Section    17408  heap_1.o(.bss)
    ucHeap                                   0x200000d1   Data       17408  heap_1.o(.bss)
    .bss                                     0x200044d4   Section      200  tasks.o(.bss)
    pxReadyTasksLists                        0x200044d4   Data         100  tasks.o(.bss)
    xDelayedTaskList1                        0x20004538   Data          20  tasks.o(.bss)
    xDelayedTaskList2                        0x2000454c   Data          20  tasks.o(.bss)
    xPendingReadyList                        0x20004560   Data          20  tasks.o(.bss)
    xTasksWaitingTermination                 0x20004574   Data          20  tasks.o(.bss)
    xSuspendedTaskList                       0x20004588   Data          20  tasks.o(.bss)
    .bss                                     0x2000459c   Section       96  libspace.o(.bss)
    HEAP                                     0x20004600   Section      512  startup_stm32f10x_md.o(HEAP)
    Heap_Mem                                 0x20004600   Data         512  startup_stm32f10x_md.o(HEAP)
    STACK                                    0x20004800   Section     1024  startup_stm32f10x_md.o(STACK)
    Stack_Mem                                0x20004800   Data        1024  startup_stm32f10x_md.o(STACK)
    __initial_sp                             0x20004c00   Data           0  startup_stm32f10x_md.o(STACK)

    Global Symbols

    Symbol Name                              Value     Ov Type        Size  Object(Section)

    BuildAttributes$$THM_ISAv4$P$D$K$B$S$PE$A:L22UL41UL21$X:L11$S22US41US21$IEEE1$IW$USESV6$~STKCKD$USESV7$~SHL$OSPACE$ROPI$EBA8$UX$STANDARDLIB$REQ8$PRES8$EABIv2 0x00000000   Number         0  anon$$obj.o ABSOLUTE
    __ARM_use_no_argv                        0x00000000   Number         0  main.o ABSOLUTE
    __ARM_exceptions_init                     - Undefined Weak Reference
    __alloca_initialize                       - Undefined Weak Reference
    __arm_preinit_                            - Undefined Weak Reference
    __cpp_initialize__aeabi_                  - Undefined Weak Reference
    __cxa_finalize                            - Undefined Weak Reference
    __rt_locale                               - Undefined Weak Reference
    __sigvec_lookup                           - Undefined Weak Reference
    _atexit_init                              - Undefined Weak Reference
    _call_atexit_fns                          - Undefined Weak Reference
    _clock_init                               - Undefined Weak Reference
    _fp_trap_init                             - Undefined Weak Reference
    _fp_trap_shutdown                         - Undefined Weak Reference
    _get_lc_collate                           - Undefined Weak Reference
    _get_lc_ctype                             - Undefined Weak Reference
    _get_lc_monetary                          - Undefined Weak Reference
    _get_lc_numeric                           - Undefined Weak Reference
    _get_lc_time                              - Undefined Weak Reference
    _getenv_init                              - Undefined Weak Reference
    _handle_redirection                       - Undefined Weak Reference
    _init_alloc                               - Undefined Weak Reference
    _init_user_alloc                          - Undefined Weak Reference
    _initio                                   - Undefined Weak Reference
    _rand_init                                - Undefined Weak Reference
    _signal_finish                            - Undefined Weak Reference
    _signal_init                              - Undefined Weak Reference
    _terminate_alloc                          - Undefined Weak Reference
    _terminate_user_alloc                     - Undefined Weak Reference
    _terminateio                              - Undefined Weak Reference
    __Vectors_Size                           0x000000ec   Number         0  startup_stm32f10x_md.o ABSOLUTE
    __Vectors                                0x08000000   Data           4  startup_stm32f10x_md.o(RESET)
    __Vectors_End                            0x080000ec   Data           0  startup_stm32f10x_md.o(RESET)
    __main                                   0x080000ed   Thumb Code     8  __main.o(!!!main)
    __scatterload                            0x080000f5   Thumb Code     0  __scatter.o(!!!scatter)
    __scatterload_rt2                        0x080000f5   Thumb Code    44  __scatter.o(!!!scatter)
    __scatterload_rt2_thumb_only             0x080000f5   Thumb Code     0  __scatter.o(!!!scatter)
    __scatterload_null                       0x08000103   Thumb Code     0  __scatter.o(!!!scatter)
    __scatterload_copy                       0x08000129   Thumb Code    26  __scatter_copy.o(!!handler_copy)
    __scatterload_zeroinit                   0x08000145   Thumb Code    28  __scatter_zi.o(!!handler_zi)
    __rt_lib_init                            0x08000161   Thumb Code     0  libinit.o(.ARM.Collect$$libinit$$00000000)
    __rt_lib_init_alloca_1                   0x08000163   Thumb Code     0  libinit2.o(.ARM.Collect$$libinit$$0000002E)
    __rt_lib_init_argv_1                     0x08000163   Thumb Code     0  libinit2.o(.ARM.Collect$$libinit$$0000002C)
    __rt_lib_init_atexit_1                   0x08000163   Thumb Code     0  libinit2.o(.ARM.Collect$$libinit$$0000001B)
    __rt_lib_init_clock_1                    0x08000163   Thumb Code     0  libinit2.o(.ARM.Collect$$libinit$$00000021)
    __rt_lib_init_cpp_1                      0x08000163   Thumb Code     0  libinit2.o(.ARM.Collect$$libinit$$00000032)
    __rt_lib_init_exceptions_1               0x08000163   Thumb Code     0  libinit2.o(.ARM.Collect$$libinit$$00000030)
    __rt_lib_init_fp_1                       0x08000163   Thumb Code     0  libinit2.o(.ARM.Collect$$libinit$$00000002)
    __rt_lib_init_fp_trap_1                  0x08000163   Thumb Code     0  libinit2.o(.ARM.Collect$$libinit$$0000001F)
    __rt_lib_init_getenv_1                   0x08000163   Thumb Code     0  libinit2.o(.ARM.Collect$$libinit$$00000023)
    __rt_lib_init_heap_1                     0x08000163   Thumb Code     0  libinit2.o(.ARM.Collect$$libinit$$0000000A)
    __rt_lib_init_lc_collate_1               0x08000163   Thumb Code     0  libinit2.o(.ARM.Collect$$libinit$$00000011)
    __rt_lib_init_lc_ctype_1                 0x08000163   Thumb Code     0  libinit2.o(.ARM.Collect$$libinit$$00000013)
    __rt_lib_init_lc_monetary_1              0x08000163   Thumb Code     0  libinit2.o(.ARM.Collect$$libinit$$00000015)
    __rt_lib_init_lc_numeric_1               0x08000163   Thumb Code     0  libinit2.o(.ARM.Collect$$libinit$$00000017)
    __rt_lib_init_lc_time_1                  0x08000163   Thumb Code     0  libinit2.o(.ARM.Collect$$libinit$$00000019)
    __rt_lib_init_preinit_1                  0x08000163   Thumb Code     0  libinit2.o(.ARM.Collect$$libinit$$00000004)
    __rt_lib_init_rand_1                     0x08000163   Thumb Code     0  libinit2.o(.ARM.Collect$$libinit$$0000000E)
    __rt_lib_init_return                     0x08000163   Thumb Code     0  libinit2.o(.ARM.Collect$$libinit$$00000033)
    __rt_lib_init_signal_1                   0x08000163   Thumb Code     0  libinit2.o(.ARM.Collect$$libinit$$0000001D)
    __rt_lib_init_stdio_1                    0x08000163   Thumb Code     0  libinit2.o(.ARM.Collect$$libinit$$00000025)
    __rt_lib_init_user_alloc_1               0x08000163   Thumb Code     0  libinit2.o(.ARM.Collect$$libinit$$0000000C)
    __rt_lib_shutdown                        0x08000165   Thumb Code     0  libshutdown.o(.ARM.Collect$$libshutdown$$00000000)
    __rt_lib_shutdown_cpp_1                  0x08000167   Thumb Code     0  libshutdown2.o(.ARM.Collect$$libshutdown$$00000002)
    __rt_lib_shutdown_fp_trap_1              0x08000167   Thumb Code     0  libshutdown2.o(.ARM.Collect$$libshutdown$$00000007)
    __rt_lib_shutdown_heap_1                 0x08000167   Thumb Code     0  libshutdown2.o(.ARM.Collect$$libshutdown$$0000000F)
    __rt_lib_shutdown_return                 0x08000167   Thumb Code     0  libshutdown2.o(.ARM.Collect$$libshutdown$$00000010)
    __rt_lib_shutdown_signal_1               0x08000167   Thumb Code     0  libshutdown2.o(.ARM.Collect$$libshutdown$$0000000A)
    __rt_lib_shutdown_stdio_1                0x08000167   Thumb Code     0  libshutdown2.o(.ARM.Collect$$libshutdown$$00000004)
    __rt_lib_shutdown_user_alloc_1           0x08000167   Thumb Code     0  libshutdown2.o(.ARM.Collect$$libshutdown$$0000000C)
    __rt_entry                               0x08000169   Thumb Code     0  __rtentry.o(.ARM.Collect$$rtentry$$00000000)
    __rt_entry_presh_1                       0x08000169   Thumb Code     0  __rtentry2.o(.ARM.Collect$$rtentry$$00000002)
    __rt_entry_sh                            0x08000169   Thumb Code     0  __rtentry4.o(.ARM.Collect$$rtentry$$00000004)
    __rt_entry_li                            0x0800016f   Thumb Code     0  __rtentry2.o(.ARM.Collect$$rtentry$$0000000A)
    __rt_entry_postsh_1                      0x0800016f   Thumb Code     0  __rtentry2.o(.ARM.Collect$$rtentry$$00000009)
    __rt_entry_main                          0x08000173   Thumb Code     0  __rtentry2.o(.ARM.Collect$$rtentry$$0000000D)
    __rt_entry_postli_1                      0x08000173   Thumb Code     0  __rtentry2.o(.ARM.Collect$$rtentry$$0000000C)
    __rt_exit                                0x0800017b   Thumb Code     0  rtexit.o(.ARM.Collect$$rtexit$$00000000)
    __rt_exit_ls                             0x0800017d   Thumb Code     0  rtexit2.o(.ARM.Collect$$rtexit$$00000003)
    __rt_exit_prels_1                        0x0800017d   Thumb Code     0  rtexit2.o(.ARM.Collect$$rtexit$$00000002)
    __rt_exit_exit                           0x08000181   Thumb Code     0  rtexit2.o(.ARM.Collect$$rtexit$$00000004)
    SVC_Handler                              0x08000189   Thumb Code    32  port.o(.emb_text)
    __asm___6_port_c_39a90d8d__prvStartFirstTask 0x080001ad   Thumb Code    28  port.o(.emb_text)
    PendSV_Handler                           0x080001cd   Thumb Code    72  port.o(.emb_text)
    vPortGetIPSR                             0x08000219   Thumb Code     6  port.o(.emb_text)
    Reset_Handler                            0x08000221   Thumb Code     8  startup_stm32f10x_md.o(.text)
    NMI_Handler                              0x08000229   Thumb Code     2  startup_stm32f10x_md.o(.text)
    HardFault_Handler                        0x0800022b   Thumb Code     2  startup_stm32f10x_md.o(.text)
    MemManage_Handler                        0x0800022d   Thumb Code     2  startup_stm32f10x_md.o(.text)
    BusFault_Handler                         0x0800022f   Thumb Code     2  startup_stm32f10x_md.o(.text)
    UsageFault_Handler                       0x08000231   Thumb Code     2  startup_stm32f10x_md.o(.text)
    DebugMon_Handler                         0x08000235   Thumb Code     2  startup_stm32f10x_md.o(.text)
    ADC1_2_IRQHandler                        0x0800023b   Thumb Code     0  startup_stm32f10x_md.o(.text)
    CAN1_RX1_IRQHandler                      0x0800023b   Thumb Code     0  startup_stm32f10x_md.o(.text)
    CAN1_SCE_IRQHandler                      0x0800023b   Thumb Code     0  startup_stm32f10x_md.o(.text)
    DMA1_Channel1_IRQHandler                 0x0800023b   Thumb Code     0  startup_stm32f10x_md.o(.text)
    DMA1_Channel2_IRQHandler                 0x0800023b   Thumb Code     0  startup_stm32f10x_md.o(.text)
    DMA1_Channel3_IRQHandler                 0x0800023b   Thumb Code     0  startup_stm32f10x_md.o(.text)
    DMA1_Channel4_IRQHandler                 0x0800023b   Thumb Code     0  startup_stm32f10x_md.o(.text)
    DMA1_Channel5_IRQHandler                 0x0800023b   Thumb Code     0  startup_stm32f10x_md.o(.text)
    DMA1_Channel6_IRQHandler                 0x0800023b   Thumb Code     0  startup_stm32f10x_md.o(.text)
    DMA1_Channel7_IRQHandler                 0x0800023b   Thumb Code     0  startup_stm32f10x_md.o(.text)
    EXTI0_IRQHandler                         0x0800023b   Thumb Code     0  startup_stm32f10x_md.o(.text)
    EXTI15_10_IRQHandler                     0x0800023b   Thumb Code     0  startup_stm32f10x_md.o(.text)
    EXTI1_IRQHandler                         0x0800023b   Thumb Code     0  startup_stm32f10x_md.o(.text)
    EXTI2_IRQHandler                         0x0800023b   Thumb Code     0  startup_stm32f10x_md.o(.text)
    EXTI3_IRQHandler                         0x0800023b   Thumb Code     0  startup_stm32f10x_md.o(.text)
    EXTI4_IRQHandler                         0x0800023b   Thumb Code     0  startup_stm32f10x_md.o(.text)
    EXTI9_5_IRQHandler                       0x0800023b   Thumb Code     0  startup_stm32f10x_md.o(.text)
    FLASH_IRQHandler                         0x0800023b   Thumb Code     0  startup_stm32f10x_md.o(.text)
    I2C1_ER_IRQHandler                       0x0800023b   Thumb Code     0  startup_stm32f10x_md.o(.text)
    I2C1_EV_IRQHandler                       0x0800023b   Thumb Code     0  startup_stm32f10x_md.o(.text)
    I2C2_ER_IRQHandler                       0x0800023b   Thumb Code     0  startup_stm32f10x_md.o(.text)
    I2C2_EV_IRQHandler                       0x0800023b   Thumb Code     0  startup_stm32f10x_md.o(.text)
    PVD_IRQHandler                           0x0800023b   Thumb Code     0  startup_stm32f10x_md.o(.text)
    RCC_IRQHandler                           0x0800023b   Thumb Code     0  startup_stm32f10x_md.o(.text)
    RTCAlarm_IRQHandler                      0x0800023b   Thumb Code     0  startup_stm32f10x_md.o(.text)
    RTC_IRQHandler                           0x0800023b   Thumb Code     0  startup_stm32f10x_md.o(.text)
    SPI1_IRQHandler                          0x0800023b   Thumb Code     0  startup_stm32f10x_md.o(.text)
    SPI2_IRQHandler                          0x0800023b   Thumb Code     0  startup_stm32f10x_md.o(.text)
    TAMPER_IRQHandler                        0x0800023b   Thumb Code     0  startup_stm32f10x_md.o(.text)
    TIM1_BRK_IRQHandler                      0x0800023b   Thumb Code     0  startup_stm32f10x_md.o(.text)
    TIM1_CC_IRQHandler                       0x0800023b   Thumb Code     0  startup_stm32f10x_md.o(.text)
    TIM1_TRG_COM_IRQHandler                  0x0800023b   Thumb Code     0  startup_stm32f10x_md.o(.text)
    TIM1_UP_IRQHandler                       0x0800023b   Thumb Code     0  startup_stm32f10x_md.o(.text)
    TIM4_IRQHandler                          0x0800023b   Thumb Code     0  startup_stm32f10x_md.o(.text)
    USART2_IRQHandler                        0x0800023b   Thumb Code     0  startup_stm32f10x_md.o(.text)
    USART3_IRQHandler                        0x0800023b   Thumb Code     0  startup_stm32f10x_md.o(.text)
    USBWakeUp_IRQHandler                     0x0800023b   Thumb Code     0  startup_stm32f10x_md.o(.text)
    USB_HP_CAN1_TX_IRQHandler                0x0800023b   Thumb Code     0  startup_stm32f10x_md.o(.text)
    USB_LP_CAN1_RX0_IRQHandler               0x0800023b   Thumb Code     0  startup_stm32f10x_md.o(.text)
    WWDG_IRQHandler                          0x0800023b   Thumb Code     0  startup_stm32f10x_md.o(.text)
    __user_initial_stackheap                 0x0800023d   Thumb Code     0  startup_stm32f10x_md.o(.text)
    __aeabi_memcpy                           0x08000261   Thumb Code     0  rt_memcpy_v6.o(.text)
    __rt_memcpy                              0x08000261   Thumb Code   138  rt_memcpy_v6.o(.text)
    _memcpy_lastbytes                        0x080002c7   Thumb Code     0  rt_memcpy_v6.o(.text)
    __use_two_region_memory                  0x080002eb   Thumb Code     2  heapauxi.o(.text)
    __rt_heap_escrow$2region                 0x080002ed   Thumb Code     2  heapauxi.o(.text)
    __rt_heap_expand$2region                 0x080002ef   Thumb Code     2  heapauxi.o(.text)
    __aeabi_memcpy4                          0x080002f1   Thumb Code     0  rt_memcpy_w.o(.text)
    __aeabi_memcpy8                          0x080002f1   Thumb Code     0  rt_memcpy_w.o(.text)
    __rt_memcpy_w                            0x080002f1   Thumb Code   100  rt_memcpy_w.o(.text)
    _memcpy_lastbytes_aligned                0x08000339   Thumb Code     0  rt_memcpy_w.o(.text)
    __user_setup_stackheap                   0x08000355   Thumb Code    74  sys_stackheap_outer.o(.text)
    exit                                     0x0800039f   Thumb Code    18  exit.o(.text)
    __user_libspace                          0x080003b1   Thumb Code     8  libspace.o(.text)
    __user_perproc_libspace                  0x080003b1   Thumb Code     0  libspace.o(.text)
    __user_perthread_libspace                0x080003b1   Thumb Code     0  libspace.o(.text)
    _sys_exit                                0x080003b9   Thumb Code     8  sys_exit.o(.text)
    __I$use$semihosting                      0x080003c5   Thumb Code     0  use_no_semi.o(.text)
    __use_no_semihosting_swi                 0x080003c5   Thumb Code     2  use_no_semi.o(.text)
    __semihosting_library_function           0x080003c7   Thumb Code     0  indicate_semi.o(.text)
    IO_ConfigLine                            0x080003c9   Thumb Code   210  io.o(i.IO_ConfigLine)
    IO_Init                                  0x080004a1   Thumb Code    60  io.o(i.IO_Init)
    IO_SetLine                               0x080004e5   Thumb Code    46  io.o(i.IO_SetLine)
    Stepper_Init                             0x08000655   Thumb Code   262  stepmotor.o(i.Stepper_Init)
    SysTick_Handler                          0x080007bd   Thumb Code    46  port.o(i.SysTick_Handler)
    SystemInit                               0x080007f1   Thumb Code    78  system_stm32f10x.o(i.SystemInit)
    TIM2_IRQHandler                          0x08000851   Thumb Code    36  main.o(i.TIM2_IRQHandler)
    TIM3_IRQHandler                          0x08000879   Thumb Code   102  main.o(i.TIM3_IRQHandler)
    USART1_IRQHandler                        0x080008f5   Thumb Code   106  main.o(i.USART1_IRQHandler)
    led_init                                 0x08000979   Thumb Code    36  led.o(i.led_init)
    main                                     0x080009a5   Thumb Code   154  main.o(i.main)
    pvPortMalloc                             0x08000f69   Thumb Code    98  heap_1.o(i.pvPortMalloc)
    pxPortInitialiseStack                    0x08000fd9   Thumb Code    30  port.o(i.pxPortInitialiseStack)
    rcc_init                                 0x08000ffd   Thumb Code   178  main.o(i.rcc_init)
    set_resolution                           0x080010b9   Thumb Code   280  stepmotor.o(i.set_resolution)
    spi1_init                                0x080011d5   Thumb Code   254  spi.o(i.spi1_init)
    st_Rotate                                0x080012e1   Thumb Code   376  stepmotor.o(i.st_Rotate)
    st_Step                                  0x08001499   Thumb Code    78  stepmotor.o(i.st_Step)
    st_vMotor1                               0x080014f1   Thumb Code    68  stepmotor.o(i.st_vMotor1)
    st_vMotor2                               0x08001541   Thumb Code    68  stepmotor.o(i.st_vMotor2)
    st_vMotor3                               0x08001591   Thumb Code    68  stepmotor.o(i.st_vMotor3)
    timer2_init                              0x080015e1   Thumb Code    64  timer.o(i.timer2_init)
    timer3_init                              0x08001625   Thumb Code    84  timer.o(i.timer3_init)
    usart1_init                              0x08001681   Thumb Code   174  usart.o(i.usart1_init)
    usart_send_data                          0x0800173d   Thumb Code    16  usart.o(i.usart_send_data)
    usart_send_string                        0x0800174d   Thumb Code    32  usart.o(i.usart_send_string)
    uxListRemove                             0x0800176d   Thumb Code    40  list.o(i.uxListRemove)
    vApplicationIdleHook                     0x08001795   Thumb Code   114  main.o(i.vApplicationIdleHook)
    vBlinker                                 0x0800181d   Thumb Code    44  main.o(i.vBlinker)
    vBlinkerBootLoader                       0x0800184d   Thumb Code    40  main.o(i.vBlinkerBootLoader)
    vBootLoader                              0x08001879   Thumb Code   184  main.o(i.vBootLoader)
    vListInitialise                          0x08001959   Thumb Code    26  list.o(i.vListInitialise)
    vListInitialiseItem                      0x08001973   Thumb Code     6  list.o(i.vListInitialiseItem)
    vListInsert                              0x08001979   Thumb Code    52  list.o(i.vListInsert)
    vListInsertEnd                           0x080019ad   Thumb Code    24  list.o(i.vListInsertEnd)
    vPortEnterCritical                       0x080019c5   Thumb Code    30  port.o(i.vPortEnterCritical)
    vPortExitCritical                        0x080019e9   Thumb Code    28  port.o(i.vPortExitCritical)
    vPortFree                                0x08001a09   Thumb Code     2  heap_1.o(i.vPortFree)
    vPortSetupTimerInterrupt                 0x08001a0d   Thumb Code    14  port.o(i.vPortSetupTimerInterrupt)
    vSender                                  0x08001a21   Thumb Code   480  main.o(i.vSender)
    vTaskDelay                               0x08001c41   Thumb Code    46  tasks.o(i.vTaskDelay)
    vTaskMissedYield                         0x08001c75   Thumb Code     8  tasks.o(i.vTaskMissedYield)
    vTaskPlaceOnEventList                    0x08001c81   Thumb Code    28  tasks.o(i.vTaskPlaceOnEventList)
    vTaskResume                              0x08001ca1   Thumb Code   104  tasks.o(i.vTaskResume)
    vTaskSetTimeOutState                     0x08001d19   Thumb Code    14  tasks.o(i.vTaskSetTimeOutState)
    vTaskStartScheduler                      0x08001d31   Thumb Code    72  tasks.o(i.vTaskStartScheduler)
    vTaskSuspend                             0x08001d95   Thumb Code   160  tasks.o(i.vTaskSuspend)
    vTaskSuspendAll                          0x08001e51   Thumb Code    12  tasks.o(i.vTaskSuspendAll)
    vTaskSwitchContext                       0x08001e61   Thumb Code    76  tasks.o(i.vTaskSwitchContext)
    w25q16_ReadDeviceID                      0x08001ec1   Thumb Code    68  w25q16.o(i.w25q16_ReadDeviceID)
    w25q16_ReadID                            0x08001f09   Thumb Code    82  w25q16.o(i.w25q16_ReadID)
    w25q16_spi_send                          0x08001f61   Thumb Code    42  w25q16.o(i.w25q16_spi_send)
    xPortStartScheduler                      0x08001f91   Thumb Code    42  port.o(i.xPortStartScheduler)
    xQueueGenericCreate                      0x08001fc5   Thumb Code    56  queue.o(i.xQueueGenericCreate)
    xQueueGenericReceive                     0x08001ffd   Thumb Code   312  queue.o(i.xQueueGenericReceive)
    xQueueGenericReset                       0x08002139   Thumb Code   122  queue.o(i.xQueueGenericReset)
    xQueueGenericSend                        0x080021b9   Thumb Code   276  queue.o(i.xQueueGenericSend)
    xQueueGiveFromISR                        0x080022d1   Thumb Code   120  queue.o(i.xQueueGiveFromISR)
    xTaskCheckForTimeOut                     0x08002349   Thumb Code    84  tasks.o(i.xTaskCheckForTimeOut)
    xTaskCreate                              0x080023a5   Thumb Code    96  tasks.o(i.xTaskCreate)
    xTaskGetTickCount                        0x08002405   Thumb Code     6  tasks.o(i.xTaskGetTickCount)
    xTaskIncrementTick                       0x08002411   Thumb Code   238  tasks.o(i.xTaskIncrementTick)
    xTaskRemoveFromEventList                 0x0800252d   Thumb Code   104  tasks.o(i.xTaskRemoveFromEventList)
    xTaskResumeAll                           0x080025ad   Thumb Code   196  tasks.o(i.xTaskResumeAll)
    __aeabi_fadd                             0x08002695   Thumb Code     0  faddsub_clz.o(x$fpl$fadd)
    _fadd                                    0x08002695   Thumb Code   196  faddsub_clz.o(x$fpl$fadd)
    __aeabi_fdiv                             0x08002759   Thumb Code     0  fdiv.o(x$fpl$fdiv)
    _fdiv                                    0x08002759   Thumb Code   384  fdiv.o(x$fpl$fdiv)
    __aeabi_i2f                              0x080028dd   Thumb Code     0  fflt_clz.o(x$fpl$fflt)
    _fflt                                    0x080028dd   Thumb Code    48  fflt_clz.o(x$fpl$fflt)
    __aeabi_fmul                             0x0800290d   Thumb Code     0  fmul.o(x$fpl$fmul)
    _fmul                                    0x0800290d   Thumb Code   258  fmul.o(x$fpl$fmul)
    __fpl_fnaninf                            0x08002a0f   Thumb Code   140  fnaninf.o(x$fpl$fnaninf)
    __fpl_fretinf                            0x08002a9b   Thumb Code    10  fretinf.o(x$fpl$fretinf)
    __aeabi_frsub                            0x08002aa5   Thumb Code     0  faddsub_clz.o(x$fpl$frsb)
    _frsb                                    0x08002aa5   Thumb Code    20  faddsub_clz.o(x$fpl$frsb)
    __aeabi_fsub                             0x08002ab9   Thumb Code     0  faddsub_clz.o(x$fpl$fsub)
    _fsub                                    0x08002ab9   Thumb Code   234  faddsub_clz.o(x$fpl$fsub)
    __I$use$fp                               0x08002ba2   Number         0  usenofp.o(x$fpl$usenofp)
    IOs                                      0x08002ba4   Data         112  io.o(.constdata)
    Region$$Table$$Base                      0x08002c14   Number         0  anon$$obj.o(Region$$Table)
    Region$$Table$$Limit                     0x08002c34   Number         0  anon$$obj.o(Region$$Table)
    qMotor1                                  0x20000000   Data           4  main.o(.data)
    qMotor2                                  0x20000004   Data           4  main.o(.data)
    qMotor3                                  0x20000008   Data           4  main.o(.data)
    qError1                                  0x2000000c   Data           4  main.o(.data)
    qError2                                  0x20000010   Data           4  main.o(.data)
    qError3                                  0x20000014   Data           4  main.o(.data)
    StopMotor1                               0x20000018   Data           4  main.o(.data)
    StopMotor2                               0x2000001c   Data           4  main.o(.data)
    StopMotor3                               0x20000020   Data           4  main.o(.data)
    OK_Motor1                                0x20000024   Data           4  main.o(.data)
    OK_Motor2                                0x20000028   Data           4  main.o(.data)
    OK_Motor3                                0x2000002c   Data           4  main.o(.data)
    ISRFromUSARTHandle                       0x20000030   Data           4  main.o(.data)
    hBootLoader                              0x20000034   Data           4  main.o(.data)
    hBlinker                                 0x20000038   Data           4  main.o(.data)
    hSender                                  0x2000003c   Data           4  main.o(.data)
    hBlinkerBootLoader                       0x20000040   Data           4  main.o(.data)
    rx_index                                 0x20000044   Data           1  main.o(.data)
    x                                        0x20000045   Data           1  main.o(.data)
    hMotor1                                  0x20000064   Data           4  stepmotor.o(.data)
    hMotor2                                  0x20000068   Data           4  stepmotor.o(.data)
    hMotor3                                  0x2000006c   Data           4  stepmotor.o(.data)
    Motor                                    0x20000070   Data          14  stepmotor.o(.data)
    pxCurrentTCB                             0x2000008c   Data           4  tasks.o(.data)
    buffer_rx                                0x200000c8   Data           9  main.o(.bss)
    __libspace_start                         0x2000459c   Data          96  libspace.o(.bss)
    __temporary_stack_top$libspace           0x200045fc   Data           0  libspace.o(.bss)



==============================================================================

Memory Map of the image

  Image Entry point : 0x08000221

  Load Region LR_1 (Base: 0x08000000, Size: 0x00002cfc, Max: 0xffffffff, ABSOLUTE)

    Execution Region ER_RO (Exec base: 0x08000000, Load base: 0x08000000, Size: 0x00002c34, Max: 0xffffffff, ABSOLUTE)

    Exec Addr    Load Addr    Size         Type   Attr      Idx    E Section Name        Object

    0x08000000   0x08000000   0x000000ec   Data   RO          504    RESET               startup_stm32f10x_md.o
    0x080000ec   0x080000ec   0x00000008   Code   RO         1173  * !!!main             c_w.l(__main.o)
    0x080000f4   0x080000f4   0x00000034   Code   RO         1355    !!!scatter          c_w.l(__scatter.o)
    0x08000128   0x08000128   0x0000001a   Code   RO         1357    !!handler_copy      c_w.l(__scatter_copy.o)
    0x08000142   0x08000142   0x00000002   PAD
    0x08000144   0x08000144   0x0000001c   Code   RO         1359    !!handler_zi        c_w.l(__scatter_zi.o)
    0x08000160   0x08000160   0x00000002   Code   RO         1225    .ARM.Collect$$libinit$$00000000  c_w.l(libinit.o)
    0x08000162   0x08000162   0x00000000   Code   RO         1232    .ARM.Collect$$libinit$$00000002  c_w.l(libinit2.o)
    0x08000162   0x08000162   0x00000000   Code   RO         1234    .ARM.Collect$$libinit$$00000004  c_w.l(libinit2.o)
    0x08000162   0x08000162   0x00000000   Code   RO         1237    .ARM.Collect$$libinit$$0000000A  c_w.l(libinit2.o)
    0x08000162   0x08000162   0x00000000   Code   RO         1239    .ARM.Collect$$libinit$$0000000C  c_w.l(libinit2.o)
    0x08000162   0x08000162   0x00000000   Code   RO         1241    .ARM.Collect$$libinit$$0000000E  c_w.l(libinit2.o)
    0x08000162   0x08000162   0x00000000   Code   RO         1244    .ARM.Collect$$libinit$$00000011  c_w.l(libinit2.o)
    0x08000162   0x08000162   0x00000000   Code   RO         1246    .ARM.Collect$$libinit$$00000013  c_w.l(libinit2.o)
    0x08000162   0x08000162   0x00000000   Code   RO         1248    .ARM.Collect$$libinit$$00000015  c_w.l(libinit2.o)
    0x08000162   0x08000162   0x00000000   Code   RO         1250    .ARM.Collect$$libinit$$00000017  c_w.l(libinit2.o)
    0x08000162   0x08000162   0x00000000   Code   RO         1252    .ARM.Collect$$libinit$$00000019  c_w.l(libinit2.o)
    0x08000162   0x08000162   0x00000000   Code   RO         1254    .ARM.Collect$$libinit$$0000001B  c_w.l(libinit2.o)
    0x08000162   0x08000162   0x00000000   Code   RO         1256    .ARM.Collect$$libinit$$0000001D  c_w.l(libinit2.o)
    0x08000162   0x08000162   0x00000000   Code   RO         1258    .ARM.Collect$$libinit$$0000001F  c_w.l(libinit2.o)
    0x08000162   0x08000162   0x00000000   Code   RO         1260    .ARM.Collect$$libinit$$00000021  c_w.l(libinit2.o)
    0x08000162   0x08000162   0x00000000   Code   RO         1262    .ARM.Collect$$libinit$$00000023  c_w.l(libinit2.o)
    0x08000162   0x08000162   0x00000000   Code   RO         1264    .ARM.Collect$$libinit$$00000025  c_w.l(libinit2.o)
    0x08000162   0x08000162   0x00000000   Code   RO         1268    .ARM.Collect$$libinit$$0000002C  c_w.l(libinit2.o)
    0x08000162   0x08000162   0x00000000   Code   RO         1270    .ARM.Collect$$libinit$$0000002E  c_w.l(libinit2.o)
    0x08000162   0x08000162   0x00000000   Code   RO         1272    .ARM.Collect$$libinit$$00000030  c_w.l(libinit2.o)
    0x08000162   0x08000162   0x00000000   Code   RO         1274    .ARM.Collect$$libinit$$00000032  c_w.l(libinit2.o)
    0x08000162   0x08000162   0x00000002   Code   RO         1275    .ARM.Collect$$libinit$$00000033  c_w.l(libinit2.o)
    0x08000164   0x08000164   0x00000002   Code   RO         1295    .ARM.Collect$$libshutdown$$00000000  c_w.l(libshutdown.o)
    0x08000166   0x08000166   0x00000000   Code   RO         1308    .ARM.Collect$$libshutdown$$00000002  c_w.l(libshutdown2.o)
    0x08000166   0x08000166   0x00000000   Code   RO         1310    .ARM.Collect$$libshutdown$$00000004  c_w.l(libshutdown2.o)
    0x08000166   0x08000166   0x00000000   Code   RO         1313    .ARM.Collect$$libshutdown$$00000007  c_w.l(libshutdown2.o)
    0x08000166   0x08000166   0x00000000   Code   RO         1316    .ARM.Collect$$libshutdown$$0000000A  c_w.l(libshutdown2.o)
    0x08000166   0x08000166   0x00000000   Code   RO         1318    .ARM.Collect$$libshutdown$$0000000C  c_w.l(libshutdown2.o)
    0x08000166   0x08000166   0x00000000   Code   RO         1321    .ARM.Collect$$libshutdown$$0000000F  c_w.l(libshutdown2.o)
    0x08000166   0x08000166   0x00000002   Code   RO         1322    .ARM.Collect$$libshutdown$$00000010  c_w.l(libshutdown2.o)
    0x08000168   0x08000168   0x00000000   Code   RO         1193    .ARM.Collect$$rtentry$$00000000  c_w.l(__rtentry.o)
    0x08000168   0x08000168   0x00000000   Code   RO         1202    .ARM.Collect$$rtentry$$00000002  c_w.l(__rtentry2.o)
    0x08000168   0x08000168   0x00000006   Code   RO         1214    .ARM.Collect$$rtentry$$00000004  c_w.l(__rtentry4.o)
    0x0800016e   0x0800016e   0x00000000   Code   RO         1204    .ARM.Collect$$rtentry$$00000009  c_w.l(__rtentry2.o)
    0x0800016e   0x0800016e   0x00000004   Code   RO         1205    .ARM.Collect$$rtentry$$0000000A  c_w.l(__rtentry2.o)
    0x08000172   0x08000172   0x00000000   Code   RO         1207    .ARM.Collect$$rtentry$$0000000C  c_w.l(__rtentry2.o)
    0x08000172   0x08000172   0x00000008   Code   RO         1208    .ARM.Collect$$rtentry$$0000000D  c_w.l(__rtentry2.o)
    0x0800017a   0x0800017a   0x00000002   Code   RO         1229    .ARM.Collect$$rtexit$$00000000  c_w.l(rtexit.o)
    0x0800017c   0x0800017c   0x00000000   Code   RO         1277    .ARM.Collect$$rtexit$$00000002  c_w.l(rtexit2.o)
    0x0800017c   0x0800017c   0x00000004   Code   RO         1278    .ARM.Collect$$rtexit$$00000003  c_w.l(rtexit2.o)
    0x08000180   0x08000180   0x00000006   Code   RO         1279    .ARM.Collect$$rtexit$$00000004  c_w.l(rtexit2.o)
    0x08000186   0x08000186   0x00000002   PAD
    0x08000188   0x08000188   0x00000096   Code   RO          685    .emb_text           port.o
    0x0800021e   0x0800021e   0x00000002   PAD
    0x08000220   0x08000220   0x00000040   Code   RO          505  * .text               startup_stm32f10x_md.o
    0x08000260   0x08000260   0x0000008a   Code   RO         1169    .text               c_w.l(rt_memcpy_v6.o)
    0x080002ea   0x080002ea   0x00000006   Code   RO         1171    .text               c_w.l(heapauxi.o)
    0x080002f0   0x080002f0   0x00000064   Code   RO         1194    .text               c_w.l(rt_memcpy_w.o)
    0x08000354   0x08000354   0x0000004a   Code   RO         1216    .text               c_w.l(sys_stackheap_outer.o)
    0x0800039e   0x0800039e   0x00000012   Code   RO         1218    .text               c_w.l(exit.o)
    0x080003b0   0x080003b0   0x00000008   Code   RO         1226    .text               c_w.l(libspace.o)
    0x080003b8   0x080003b8   0x0000000c   Code   RO         1287    .text               c_w.l(sys_exit.o)
    0x080003c4   0x080003c4   0x00000002   Code   RO         1298    .text               c_w.l(use_no_semi.o)
    0x080003c6   0x080003c6   0x00000000   Code   RO         1300    .text               c_w.l(indicate_semi.o)
    0x080003c6   0x080003c6   0x00000002   PAD
    0x080003c8   0x080003c8   0x000000d8   Code   RO          278    i.IO_ConfigLine     io.o
    0x080004a0   0x080004a0   0x00000044   Code   RO          280    i.IO_Init           io.o
    0x080004e4   0x080004e4   0x00000034   Code   RO          281    i.IO_SetLine        io.o
    0x08000518   0x08000518   0x00000016   Code   RO          169    i.NVIC_EnableIRQ    usart.o
    0x0800052e   0x0800052e   0x00000016   Code   RO          320    i.NVIC_EnableIRQ    timer.o
    0x08000544   0x08000544   0x00000028   Code   RO          321    i.NVIC_SetPriority  timer.o
    0x0800056c   0x0800056c   0x00000008   Code   RO          468    i.SetSysClock       system_stm32f10x.o
    0x08000574   0x08000574   0x000000e0   Code   RO          469    i.SetSysClockTo72   system_stm32f10x.o
    0x08000654   0x08000654   0x00000168   Code   RO          217    i.Stepper_Init      stepmotor.o
    0x080007bc   0x080007bc   0x00000034   Code   RO          686    i.SysTick_Handler   port.o
    0x080007f0   0x080007f0   0x00000060   Code   RO          471    i.SystemInit        system_stm32f10x.o
    0x08000850   0x08000850   0x00000028   Code   RO           32    i.TIM2_IRQHandler   main.o
    0x08000878   0x08000878   0x0000007c   Code   RO           33    i.TIM3_IRQHandler   main.o
    0x080008f4   0x080008f4   0x00000084   Code   RO           34    i.USART1_IRQHandler  main.o
    0x08000978   0x08000978   0x0000002c   Code   RO            1    i.led_init          led.o
    0x080009a4   0x080009a4   0x000000ec   Code   RO           35    i.main              main.o
    0x08000a90   0x08000a90   0x00000098   Code   RO          886    i.prvAddCurrentTaskToDelayedList  tasks.o
    0x08000b28   0x08000b28   0x000000b4   Code   RO          887    i.prvAddNewTaskToReadyList  tasks.o
    0x08000bdc   0x08000bdc   0x00000064   Code   RO          888    i.prvCheckTasksWaitingTermination  tasks.o
    0x08000c40   0x08000c40   0x0000002a   Code   RO          756    i.prvCopyDataFromQueue  queue.o
    0x08000c6a   0x08000c6a   0x0000006a   Code   RO          757    i.prvCopyDataToQueue  queue.o
    0x08000cd4   0x08000cd4   0x00000012   Code   RO          889    i.prvDeleteTCB      tasks.o
    0x08000ce6   0x08000ce6   0x00000002   PAD
    0x08000ce8   0x08000ce8   0x0000002c   Code   RO          890    i.prvIdleTask       tasks.o
    0x08000d14   0x08000d14   0x00000026   Code   RO          758    i.prvInitialiseNewQueue  queue.o
    0x08000d3a   0x08000d3a   0x00000080   Code   RO          891    i.prvInitialiseNewTask  tasks.o
    0x08000dba   0x08000dba   0x00000002   PAD
    0x08000dbc   0x08000dbc   0x00000068   Code   RO          892    i.prvInitialiseTaskLists  tasks.o
    0x08000e24   0x08000e24   0x0000001a   Code   RO          759    i.prvIsQueueEmpty   queue.o
    0x08000e3e   0x08000e3e   0x0000001e   Code   RO          760    i.prvIsQueueFull    queue.o
    0x08000e5c   0x08000e5c   0x00000034   Code   RO          893    i.prvResetNextTaskUnblockTime  tasks.o
    0x08000e90   0x08000e90   0x00000016   Code   RO          687    i.prvTaskExitError  port.o
    0x08000ea6   0x08000ea6   0x00000002   PAD
    0x08000ea8   0x08000ea8   0x00000040   Code   RO          894    i.prvTaskIsTaskSuspended  tasks.o
    0x08000ee8   0x08000ee8   0x0000007e   Code   RO          761    i.prvUnlockQueue    queue.o
    0x08000f66   0x08000f66   0x00000002   PAD
    0x08000f68   0x08000f68   0x00000070   Code   RO          616    i.pvPortMalloc      heap_1.o
    0x08000fd8   0x08000fd8   0x00000024   Code   RO          688    i.pxPortInitialiseStack  port.o
    0x08000ffc   0x08000ffc   0x000000bc   Code   RO           36    i.rcc_init          main.o
    0x080010b8   0x080010b8   0x0000011c   Code   RO          219    i.set_resolution    stepmotor.o
    0x080011d4   0x080011d4   0x0000010c   Code   RO          433    i.spi1_init         spi.o
    0x080012e0   0x080012e0   0x000001b8   Code   RO          220    i.st_Rotate         stepmotor.o
    0x08001498   0x08001498   0x00000058   Code   RO          221    i.st_Step           stepmotor.o
    0x080014f0   0x080014f0   0x00000050   Code   RO          222    i.st_vMotor1        stepmotor.o
    0x08001540   0x08001540   0x00000050   Code   RO          223    i.st_vMotor2        stepmotor.o
    0x08001590   0x08001590   0x00000050   Code   RO          224    i.st_vMotor3        stepmotor.o
    0x080015e0   0x080015e0   0x00000044   Code   RO          322    i.timer2_init       timer.o
    0x08001624   0x08001624   0x0000005c   Code   RO          323    i.timer3_init       timer.o
    0x08001680   0x08001680   0x000000bc   Code   RO          170    i.usart1_init       usart.o
    0x0800173c   0x0800173c   0x00000010   Code   RO          173    i.usart_send_data   usart.o
    0x0800174c   0x0800174c   0x00000020   Code   RO          174    i.usart_send_string  usart.o
    0x0800176c   0x0800176c   0x00000028   Code   RO          649    i.uxListRemove      list.o
    0x08001794   0x08001794   0x00000088   Code   RO           37    i.vApplicationIdleHook  main.o
    0x0800181c   0x0800181c   0x00000030   Code   RO           38    i.vBlinker          main.o
    0x0800184c   0x0800184c   0x0000002c   Code   RO           39    i.vBlinkerBootLoader  main.o
    0x08001878   0x08001878   0x000000e0   Code   RO           40    i.vBootLoader       main.o
    0x08001958   0x08001958   0x0000001a   Code   RO          650    i.vListInitialise   list.o
    0x08001972   0x08001972   0x00000006   Code   RO          651    i.vListInitialiseItem  list.o
    0x08001978   0x08001978   0x00000034   Code   RO          652    i.vListInsert       list.o
    0x080019ac   0x080019ac   0x00000018   Code   RO          653    i.vListInsertEnd    list.o
    0x080019c4   0x080019c4   0x00000024   Code   RO          690    i.vPortEnterCritical  port.o
    0x080019e8   0x080019e8   0x00000020   Code   RO          691    i.vPortExitCritical  port.o
    0x08001a08   0x08001a08   0x00000002   Code   RO          617    i.vPortFree         heap_1.o
    0x08001a0a   0x08001a0a   0x00000002   PAD
    0x08001a0c   0x08001a0c   0x00000014   Code   RO          692    i.vPortSetupTimerInterrupt  port.o
    0x08001a20   0x08001a20   0x00000220   Code   RO           41    i.vSender           main.o
    0x08001c40   0x08001c40   0x00000034   Code   RO          900    i.vTaskDelay        tasks.o
    0x08001c74   0x08001c74   0x0000000c   Code   RO          904    i.vTaskMissedYield  tasks.o
    0x08001c80   0x08001c80   0x00000020   Code   RO          906    i.vTaskPlaceOnEventList  tasks.o
    0x08001ca0   0x08001ca0   0x00000078   Code   RO          909    i.vTaskResume       tasks.o
    0x08001d18   0x08001d18   0x00000018   Code   RO          910    i.vTaskSetTimeOutState  tasks.o
    0x08001d30   0x08001d30   0x00000064   Code   RO          911    i.vTaskStartScheduler  tasks.o
    0x08001d94   0x08001d94   0x000000bc   Code   RO          912    i.vTaskSuspend      tasks.o
    0x08001e50   0x08001e50   0x00000010   Code   RO          913    i.vTaskSuspendAll   tasks.o
    0x08001e60   0x08001e60   0x00000060   Code   RO          914    i.vTaskSwitchContext  tasks.o
    0x08001ec0   0x08001ec0   0x00000048   Code   RO          357    i.w25q16_ReadDeviceID  w25q16.o
    0x08001f08   0x08001f08   0x00000058   Code   RO          358    i.w25q16_ReadID     w25q16.o
    0x08001f60   0x08001f60   0x00000030   Code   RO          362    i.w25q16_spi_send   w25q16.o
    0x08001f90   0x08001f90   0x00000034   Code   RO          693    i.xPortStartScheduler  port.o
    0x08001fc4   0x08001fc4   0x00000038   Code   RO          767    i.xQueueGenericCreate  queue.o
    0x08001ffc   0x08001ffc   0x0000013c   Code   RO          768    i.xQueueGenericReceive  queue.o
    0x08002138   0x08002138   0x00000080   Code   RO          769    i.xQueueGenericReset  queue.o
    0x080021b8   0x080021b8   0x00000118   Code   RO          770    i.xQueueGenericSend  queue.o
    0x080022d0   0x080022d0   0x00000078   Code   RO          772    i.xQueueGiveFromISR  queue.o
    0x08002348   0x08002348   0x0000005c   Code   RO          915    i.xTaskCheckForTimeOut  tasks.o
    0x080023a4   0x080023a4   0x00000060   Code   RO          916    i.xTaskCreate       tasks.o
    0x08002404   0x08002404   0x0000000c   Code   RO          919    i.xTaskGetTickCount  tasks.o
    0x08002410   0x08002410   0x0000011c   Code   RO          921    i.xTaskIncrementTick  tasks.o
    0x0800252c   0x0800252c   0x00000080   Code   RO          924    i.xTaskRemoveFromEventList  tasks.o
    0x080025ac   0x080025ac   0x000000e8   Code   RO          926    i.xTaskResumeAll    tasks.o
    0x08002694   0x08002694   0x000000c4   Code   RO         1175    x$fpl$fadd          fz_ws.l(faddsub_clz.o)
    0x08002758   0x08002758   0x00000184   Code   RO         1182    x$fpl$fdiv          fz_ws.l(fdiv.o)
    0x080028dc   0x080028dc   0x00000030   Code   RO         1186    x$fpl$fflt          fz_ws.l(fflt_clz.o)
    0x0800290c   0x0800290c   0x00000102   Code   RO         1191    x$fpl$fmul          fz_ws.l(fmul.o)
    0x08002a0e   0x08002a0e   0x0000008c   Code   RO         1196    x$fpl$fnaninf       fz_ws.l(fnaninf.o)
    0x08002a9a   0x08002a9a   0x0000000a   Code   RO         1198    x$fpl$fretinf       fz_ws.l(fretinf.o)
    0x08002aa4   0x08002aa4   0x00000014   Code   RO         1176    x$fpl$frsb          fz_ws.l(faddsub_clz.o)
    0x08002ab8   0x08002ab8   0x000000ea   Code   RO         1177    x$fpl$fsub          fz_ws.l(faddsub_clz.o)
    0x08002ba2   0x08002ba2   0x00000000   Code   RO         1200    x$fpl$usenofp       fz_ws.l(usenofp.o)
    0x08002ba2   0x08002ba2   0x00000002   PAD
    0x08002ba4   0x08002ba4   0x00000070   Data   RO          282    .constdata          io.o
    0x08002c14   0x08002c14   0x00000020   Data   RO         1353    Region$$Table       anon$$obj.o


    Execution Region ER_RW (Exec base: 0x20000000, Load base: 0x08002c34, Size: 0x000000c8, Max: 0xffffffff, ABSOLUTE)

    Exec Addr    Load Addr    Size         Type   Attr      Idx    E Section Name        Object

    0x20000000   0x08002c34   0x00000064   Data   RW           43    .data               main.o
    0x20000064   0x08002c98   0x0000001a   Data   RW          225    .data               stepmotor.o
    0x2000007e   0x08002cb2   0x00000002   PAD
    0x20000080   0x08002cb4   0x00000008   Data   RW          621    .data               heap_1.o
    0x20000088   0x08002cbc   0x00000004   Data   RW          694    .data               port.o
    0x2000008c   0x08002cc0   0x0000003c   Data   RW          929    .data               tasks.o


    Execution Region ER_ZI (Exec base: 0x200000c8, Load base: 0x08002cfc, Size: 0x00004b38, Max: 0xffffffff, ABSOLUTE)

    Exec Addr    Load Addr    Size         Type   Attr      Idx    E Section Name        Object

    0x200000c8        -       0x00000009   Zero   RW           42    .bss                main.o
    0x200000d1        -       0x00004400   Zero   RW          620    .bss                heap_1.o
    0x200044d1   0x08002cfc   0x00000003   PAD
    0x200044d4        -       0x000000c8   Zero   RW          928    .bss                tasks.o
    0x2000459c        -       0x00000060   Zero   RW         1227    .bss                c_w.l(libspace.o)
    0x200045fc   0x08002cfc   0x00000004   PAD
    0x20004600        -       0x00000200   Zero   RW          503    HEAP                startup_stm32f10x_md.o
    0x20004800        -       0x00000400   Zero   RW          502    STACK               startup_stm32f10x_md.o


==============================================================================

Image component sizes


      Code (inc. data)   RO Data    RW Data    ZI Data      Debug   Object Name

         0          0          0          0          0         32   core_cm3.o
         0          0          0          0          0       9256   event_groups.o
       114         14          0          8      17408       1815   heap_1.o
       336         20        112          0          0       2069   io.o
        44          8          0          0          0     206579   led.o
       148          0          0          0          0       3002   list.o
      1716        278          0        100          9      38009   main.o
       400         50          0          4          0       8588   port.o
      1268         14          0          0          0       9990   queue.o
       268         14          0          0          0        496   spi.o
        64         26        236          0       1536        796   startup_stm32f10x_md.o
      1412        218          0         26          0       6154   stepmotor.o
       328         28          0          0          0       1857   system_stm32f10x.o
      2326        372          0         60        200      26138   tasks.o
       222         20          0          0          0      16843   timer.o
       258         14          0          0          0      17407   usart.o
       208         16          0          0          0       1612   w25q16.o

    ----------------------------------------------------------------------
      9124       1092        380        200      19156     350643   Object Totals
         0          0         32          0          0          0   (incl. Generated)
        12          0          0          2          3          0   (incl. Padding)

    ----------------------------------------------------------------------

      Code (inc. data)   RO Data    RW Data    ZI Data      Debug   Library Member Name

         8          0          0          0          0         68   __main.o
         0          0          0          0          0          0   __rtentry.o
        12          0          0          0          0          0   __rtentry2.o
         6          0          0          0          0          0   __rtentry4.o
        52          8          0          0          0          0   __scatter.o
        26          0          0          0          0          0   __scatter_copy.o
        28          0          0          0          0          0   __scatter_zi.o
        18          0          0          0          0         80   exit.o
         6          0          0          0          0        152   heapauxi.o
         0          0          0          0          0          0   indicate_semi.o
         2          0          0          0          0          0   libinit.o
         2          0          0          0          0          0   libinit2.o
         2          0          0          0          0          0   libshutdown.o
         2          0          0          0          0          0   libshutdown2.o
         8          4          0          0         96         68   libspace.o
       138          0          0          0          0         68   rt_memcpy_v6.o
       100          0          0          0          0         80   rt_memcpy_w.o
         2          0          0          0          0          0   rtexit.o
        10          0          0          0          0          0   rtexit2.o
        12          4          0          0          0         68   sys_exit.o
        74          0          0          0          0         80   sys_stackheap_outer.o
         2          0          0          0          0         68   use_no_semi.o
       450          8          0          0          0        236   faddsub_clz.o
       388         76          0          0          0         96   fdiv.o
        48          0          0          0          0         68   fflt_clz.o
       258          4          0          0          0         84   fmul.o
       140          4          0          0          0         84   fnaninf.o
        10          0          0          0          0         68   fretinf.o
         0          0          0          0          0          0   usenofp.o

    ----------------------------------------------------------------------
      1812        108          0          0        100       1368   Library Totals
         8          0          0          0          4          0   (incl. Padding)

    ----------------------------------------------------------------------

      Code (inc. data)   RO Data    RW Data    ZI Data      Debug   Library Name

       510         16          0          0         96        732   c_w.l
      1294         92          0          0          0        636   fz_ws.l

    ----------------------------------------------------------------------
      1812        108          0          0        100       1368   Library Totals

    ----------------------------------------------------------------------

==============================================================================


      Code (inc. data)   RO Data    RW Data    ZI Data      Debug   

     10936       1200        380        200      19256     347067   Grand Totals
     10936       1200        380        200      19256     347067   ELF Image Totals
     10936       1200        380        200          0          0   ROM Totals

==============================================================================

    Total RO  Size (Code + RO Data)                11316 (  11.05kB)
    Total RW  Size (RW Data + ZI Data)             19456 (  19.00kB)
    Total ROM Size (Code + RO Data + RW Data)      11516 (  11.25kB)

==============================================================================

